<html>
<body>
<pre>
<h1>µVision Build Log</h1>
<h2>Project:</h2>
C:\Users\»Ω—“Íª\Documents\GitHub\car_without-ucosii\PRJ\model.uvproj
Project File Date:  08/09/2014

<h2>Output:</h2>
Build target 'Target 1'
assembling startup_MK60D10.s...
compiling system_MK60D10.c...
compiling main.c...
..\USER\main.c(6): warning:  #223-D: function "BSP_Init" declared implicitly
..\USER\main.c(7): warning:  #223-D: function "CCD_Restet" declared implicitly
..\USER\main.c(10): warning:  #223-D: function "CCD_gather" declared implicitly
..\USER\main.c(11): warning:  #223-D: function "CCD_Filtering" declared implicitly
..\USER\main.c(12): warning:  #223-D: function "Data_binarization" declared implicitly
..\USER\main.c(12): warning:  #223-D: function "averaging" declared implicitly
compiling BSP.c...
..\USER\BSP.c(7): warning:  #223-D: function "LCD_Init" declared implicitly
..\USER\BSP.c(14): warning:  #223-D: function "PID_Init" declared implicitly
..\USER\BSP.c(77): warning:  #550-D: variable "number" was set but never used
..\USER\BSP.c(92): warning:  #550-D: variable "Voltage" was set but never used
compiling ccd.c...
compiling dip_switch.c...
compiling OLED.c...
compiling pid.c...
..\USER\pid.c(16): warning:  #223-D: function "Speed_Set" declared implicitly
..\USER\pid.c(37): warning:  #223-D: function "abs" declared implicitly
compiling servo_control.c...
..\USER\servo_control.c(7): warning:  #223-D: function "Install_angle_change" declared implicitly
compiling adc.c...
compiling can.c...
compiling common.c...
compiling cpuidy.c...
compiling dac.c...
compiling dma.c...
compiling enet.c...
compiling flexbus.c...
compiling ftm.c...
compiling gpio.c...
compiling i2c.c...
compiling lptmr.c...
compiling pit.c...
compiling rtc.c...
compiling sd.c...
compiling spi.c...
compiling systick.c...
compiling tsi.c...
compiling uart.c...
compiling vref.c...
compiling wdog.c...
linking...
Program Size: Code=29572 RO-data=4536 RW-data=216 ZI-data=7368  
FromELF: creating hex file...
"model.axf" - 0 Error(s), 13 Warning(s).
Build target 'Target 1'
compiling main.c...
..\USER\main.c(8): warning:  #223-D: function "BSP_Init" declared implicitly
..\USER\main.c(9): warning:  #223-D: function "CCD_Restet" declared implicitly
..\USER\main.c(12): warning:  #223-D: function "PID_Init" declared implicitly
..\USER\main.c(13): warning:  #223-D: function "CCD_gather" declared implicitly
..\USER\main.c(14): warning:  #223-D: function "CCD_Filtering" declared implicitly
..\USER\main.c(15): warning:  #223-D: function "Data_binarization" declared implicitly
..\USER\main.c(15): warning:  #223-D: function "averaging" declared implicitly
..\USER\main.c(16): warning:  #223-D: function "Track_Midline" declared implicitly
..\USER\main.c(17): warning:  #223-D: function "PID_Calc" declared implicitly
..\USER\main.c(18): warning:  #223-D: function "Servo_pwm" declared implicitly
compiling pid.c...
..\USER\pid.c(16): warning:  #223-D: function "Speed_Set" declared implicitly
..\USER\pid.c(35): error:  #20: identifier "A" is undefined
..\USER\pid.c(37): warning:  #223-D: function "abs" declared implicitly
..\USER\pid.c(46): error:  #20: identifier "B" is undefined
..\USER\pid.c(56): error:  #20: identifier "B" is undefined
Target not created
Build target 'Target 1'
compiling pid.c...
..\USER\pid.c(16): warning:  #223-D: function "Speed_Set" declared implicitly
..\USER\pid.c(37): warning:  #223-D: function "abs" declared implicitly
linking...
Program Size: Code=32748 RO-data=4988 RW-data=216 ZI-data=7368  
FromELF: creating hex file...
"model.axf" - 0 Error(s), 2 Warning(s).
Build target 'Target 1'
compiling main.c...
..\USER\main.c(8): warning:  #223-D: function "BSP_Init" declared implicitly
..\USER\main.c(9): warning:  #223-D: function "CCD_Restet" declared implicitly
..\USER\main.c(12): warning:  #223-D: function "PID_Init" declared implicitly
..\USER\main.c(13): warning:  #223-D: function "CCD_gather" declared implicitly
..\USER\main.c(14): warning:  #223-D: function "CCD_Filtering" declared implicitly
..\USER\main.c(15): warning:  #223-D: function "Data_binarization" declared implicitly
..\USER\main.c(15): warning:  #223-D: function "averaging" declared implicitly
..\USER\main.c(16): warning:  #223-D: function "Track_Midline" declared implicitly
..\USER\main.c(17): warning:  #223-D: function "DIR_TASK" declared implicitly
..\USER\main.c(18): warning:  #223-D: function "SCU_TASK" declared implicitly
..\USER\main.c(18): error:  #20: identifier "number" is undefined
..\USER\main.c(7): warning:  #177-D: variable "iIncpid_1" was declared but never referenced
compiling BSP.c...
..\USER\BSP.c(8): warning:  #223-D: function "LCD_Init" declared implicitly
..\USER\BSP.c(15): warning:  #223-D: function "PID_Init" declared implicitly
..\USER\BSP.c(92): warning:  #550-D: variable "Voltage" was set but never used
..\USER\BSP.c(109): error:  #20: identifier "iIncpid_1" is undefined
..\USER\BSP.c(109): warning:  #223-D: function "PID_Calc" declared implicitly
..\USER\BSP.c(110): warning:  #223-D: function "Servo_pwm" declared implicitly
..\USER\BSP.c(116): warning:  #223-D: function "PID_Calc" declared implicitly
Target not created
Build target 'Target 1'
compiling main.c...
..\USER\main.c(7): warning:  #223-D: function "BSP_Init" declared implicitly
..\USER\main.c(8): warning:  #223-D: function "CCD_Restet" declared implicitly
..\USER\main.c(11): warning:  #223-D: function "PID_Init" declared implicitly
..\USER\main.c(12): warning:  #223-D: function "CCD_gather" declared implicitly
..\USER\main.c(13): warning:  #223-D: function "CCD_Filtering" declared implicitly
..\USER\main.c(14): warning:  #223-D: function "Data_binarization" declared implicitly
..\USER\main.c(14): warning:  #223-D: function "averaging" declared implicitly
..\USER\main.c(15): warning:  #223-D: function "Track_Midline" declared implicitly
..\USER\main.c(16): warning:  #223-D: function "DIR_TASK" declared implicitly
..\USER\main.c(17): warning:  #223-D: function "SCU_TASK" declared implicitly
..\USER\main.c(17): error:  #20: identifier "number" is undefined
compiling BSP.c...
..\USER\BSP.c(8): warning:  #223-D: function "LCD_Init" declared implicitly
..\USER\BSP.c(15): warning:  #223-D: function "PID_Init" declared implicitly
..\USER\BSP.c(92): warning:  #550-D: variable "Voltage" was set but never used
..\USER\BSP.c(110): warning:  #223-D: function "PID_Calc" declared implicitly
..\USER\BSP.c(111): warning:  #223-D: function "Servo_pwm" declared implicitly
..\USER\BSP.c(117): warning:  #223-D: function "PID_Calc" declared implicitly
Target not created
Build target 'Target 1'
compiling main.c...
..\USER\main.c(7): warning:  #223-D: function "BSP_Init" declared implicitly
..\USER\main.c(8): warning:  #223-D: function "CCD_Restet" declared implicitly
..\USER\main.c(11): warning:  #223-D: function "PID_Init" declared implicitly
..\USER\main.c(12): warning:  #223-D: function "CCD_gather" declared implicitly
..\USER\main.c(13): warning:  #223-D: function "CCD_Filtering" declared implicitly
..\USER\main.c(14): warning:  #223-D: function "Data_binarization" declared implicitly
..\USER\main.c(14): warning:  #223-D: function "averaging" declared implicitly
..\USER\main.c(15): warning:  #223-D: function "Track_Midline" declared implicitly
..\USER\main.c(16): warning:  #223-D: function "DIR_TASK" declared implicitly
..\USER\main.c(17): warning:  #223-D: function "SCU_TASK" declared implicitly
linking...
Program Size: Code=32800 RO-data=4984 RW-data=220 ZI-data=7364  
FromELF: creating hex file...
"model.axf" - 0 Error(s), 10 Warning(s).
Build target 'Target 1'
compiling main.c...
..\USER\main.c(5): warning:  #951-D: return type of function "main" must be "int"
..\USER\main.c(8): warning:  #223-D: function "BSP_Init" declared implicitly
..\USER\main.c(9): warning:  #223-D: function "CCD_Restet" declared implicitly
..\USER\main.c(12): warning:  #223-D: function "PID_Init" declared implicitly
..\USER\main.c(13): warning:  #223-D: function "CCD_TASK" declared implicitly
..\USER\main.c(14): warning:  #223-D: function "DIR_TASK" declared implicitly
..\USER\main.c(15): warning:  #223-D: function "SCU_TASK" declared implicitly
compiling BSP.c...
..\USER\BSP.c(8): warning:  #223-D: function "LCD_Init" declared implicitly
..\USER\BSP.c(15): warning:  #223-D: function "PID_Init" declared implicitly
..\USER\BSP.c(92): warning:  #550-D: variable "Voltage" was set but never used
..\USER\BSP.c(109): warning:  #223-D: function "CCD_gather" declared implicitly
..\USER\BSP.c(110): warning:  #223-D: function "CCD_Filtering" declared implicitly
..\USER\BSP.c(111): warning:  #223-D: function "Data_binarization" declared implicitly
..\USER\BSP.c(111): warning:  #223-D: function "averaging" declared implicitly
..\USER\BSP.c(112): error:  #118: a void function may not return a value
..\USER\BSP.c(112): warning:  #223-D: function "Track_Midline" declared implicitly
..\USER\BSP.c(112): error:  #18: expected a ")"
..\USER\BSP.c(112): warning:  #111-D: statement is unreachable
..\USER\BSP.c(112): error:  #29: expected an expression
..\USER\BSP.c(113): error:  #65: expected a ";"
..\USER\BSP.c(118): warning:  #223-D: function "PID_Calc" declared implicitly
..\USER\BSP.c(119): warning:  #223-D: function "Servo_pwm" declared implicitly
..\USER\BSP.c(125): warning:  #223-D: function "PID_Calc" declared implicitly
Target not created
Build target 'Target 1'
compiling BSP.c...
..\USER\BSP.c(8): warning:  #223-D: function "LCD_Init" declared implicitly
..\USER\BSP.c(15): warning:  #223-D: function "PID_Init" declared implicitly
..\USER\BSP.c(92): warning:  #550-D: variable "Voltage" was set but never used
..\USER\BSP.c(109): warning:  #223-D: function "CCD_gather" declared implicitly
..\USER\BSP.c(110): warning:  #223-D: function "CCD_Filtering" declared implicitly
..\USER\BSP.c(111): warning:  #223-D: function "Data_binarization" declared implicitly
..\USER\BSP.c(111): warning:  #223-D: function "averaging" declared implicitly
..\USER\BSP.c(112): error:  #118: a void function may not return a value
..\USER\BSP.c(112): warning:  #223-D: function "Track_Midline" declared implicitly
..\USER\BSP.c(113): error:  #65: expected a ";"
..\USER\BSP.c(118): warning:  #223-D: function "PID_Calc" declared implicitly
..\USER\BSP.c(119): warning:  #223-D: function "Servo_pwm" declared implicitly
..\USER\BSP.c(125): warning:  #223-D: function "PID_Calc" declared implicitly
Target not created
Build target 'Target 1'
compiling BSP.c...
..\USER\BSP.c(8): warning:  #223-D: function "LCD_Init" declared implicitly
..\USER\BSP.c(15): warning:  #223-D: function "PID_Init" declared implicitly
..\USER\BSP.c(92): warning:  #550-D: variable "Voltage" was set but never used
..\USER\BSP.c(109): warning:  #223-D: function "CCD_gather" declared implicitly
..\USER\BSP.c(110): warning:  #223-D: function "CCD_Filtering" declared implicitly
..\USER\BSP.c(111): warning:  #223-D: function "Data_binarization" declared implicitly
..\USER\BSP.c(111): warning:  #223-D: function "averaging" declared implicitly
..\USER\BSP.c(112): error:  #118: a void function may not return a value
..\USER\BSP.c(112): warning:  #223-D: function "Track_Midline" declared implicitly
..\USER\BSP.c(118): warning:  #223-D: function "PID_Calc" declared implicitly
..\USER\BSP.c(119): warning:  #223-D: function "Servo_pwm" declared implicitly
..\USER\BSP.c(125): warning:  #223-D: function "PID_Calc" declared implicitly
Target not created
Build target 'Target 1'
compiling BSP.c...
..\USER\BSP.c(8): warning:  #223-D: function "LCD_Init" declared implicitly
..\USER\BSP.c(15): warning:  #223-D: function "PID_Init" declared implicitly
..\USER\BSP.c(92): warning:  #550-D: variable "Voltage" was set but never used
..\USER\BSP.c(109): warning:  #223-D: function "CCD_gather" declared implicitly
..\USER\BSP.c(110): warning:  #223-D: function "CCD_Filtering" declared implicitly
..\USER\BSP.c(111): warning:  #223-D: function "Data_binarization" declared implicitly
..\USER\BSP.c(111): warning:  #223-D: function "averaging" declared implicitly
..\USER\BSP.c(112): warning:  #223-D: function "Track_Midline" declared implicitly
..\USER\BSP.c(118): warning:  #223-D: function "PID_Calc" declared implicitly
..\USER\BSP.c(119): warning:  #223-D: function "Servo_pwm" declared implicitly
..\USER\BSP.c(125): warning:  #223-D: function "PID_Calc" declared implicitly
linking...
Program Size: Code=32808 RO-data=4984 RW-data=220 ZI-data=7364  
FromELF: creating hex file...
"model.axf" - 0 Error(s), 11 Warning(s).
Build target 'Target 1'
compiling main.c...
..\USER\main.c(5): warning:  #951-D: return type of function "main" must be "int"
..\USER\main.c(8): warning:  #223-D: function "BSP_Init" declared implicitly
..\USER\main.c(9): warning:  #223-D: function "CCD_Restet" declared implicitly
..\USER\main.c(12): warning:  #223-D: function "PID_Init" declared implicitly
..\USER\main.c(13): warning:  #223-D: function "CCD_TASK" declared implicitly
..\USER\main.c(14): warning:  #223-D: function "DIR_TASK" declared implicitly
..\USER\main.c(15): warning:  #223-D: function "SCU_TASK" declared implicitly
linking...
Program Size: Code=32808 RO-data=4984 RW-data=220 ZI-data=7364  
FromELF: creating hex file...
"model.axf" - 0 Error(s), 7 Warning(s).
Build target 'Target 1'
compiling main.c...
..\USER\main.c(5): warning:  #951-D: return type of function "main" must be "int"
..\USER\main.c(9): warning:  #223-D: function "CCD_Restet" declared implicitly
..\USER\main.c(12): warning:  #223-D: function "PID_Init" declared implicitly
compiling BSP.c...
..\USER\BSP.c(8): warning:  #223-D: function "LCD_Init" declared implicitly
..\USER\BSP.c(15): warning:  #223-D: function "PID_Init" declared implicitly
..\USER\BSP.c(92): warning:  #550-D: variable "Voltage" was set but never used
..\USER\BSP.c(109): warning:  #223-D: function "CCD_gather" declared implicitly
..\USER\BSP.c(110): warning:  #223-D: function "CCD_Filtering" declared implicitly
..\USER\BSP.c(111): warning:  #223-D: function "Data_binarization" declared implicitly
..\USER\BSP.c(111): warning:  #223-D: function "averaging" declared implicitly
..\USER\BSP.c(112): warning:  #223-D: function "Track_Midline" declared implicitly
..\USER\BSP.c(118): warning:  #223-D: function "PID_Calc" declared implicitly
..\USER\BSP.c(119): warning:  #223-D: function "Servo_pwm" declared implicitly
..\USER\BSP.c(125): warning:  #223-D: function "PID_Calc" declared implicitly
compiling ccd.c...
compiling dip_switch.c...
compiling OLED.c...
compiling pid.c...
..\USER\pid.c(16): warning:  #223-D: function "Speed_Set" declared implicitly
..\USER\pid.c(37): warning:  #223-D: function "abs" declared implicitly
compiling servo_control.c...
..\USER\servo_control.c(7): warning:  #223-D: function "Install_angle_change" declared implicitly
linking...
Program Size: Code=32808 RO-data=4984 RW-data=220 ZI-data=7364  
FromELF: creating hex file...
"model.axf" - 0 Error(s), 17 Warning(s).
Build target 'Target 1'
compiling main.c...
..\USER\main.c(5): warning:  #951-D: return type of function "main" must be "int"
..\USER\main.c(8): warning:  #223-D: function "BSP_Init" declared implicitly
..\USER\main.c(9): warning:  #223-D: function "CCD_Restet" declared implicitly
..\USER\main.c(12): warning:  #223-D: function "PID_Init" declared implicitly
..\USER\main.c(13): warning:  #223-D: function "CCD_TASK" declared implicitly
..\USER\main.c(14): warning:  #223-D: function "DIR_TASK" declared implicitly
..\USER\main.c(15): warning:  #223-D: function "SCU_TASK" declared implicitly
compiling BSP.c...
..\USER\BSP.c(8): warning:  #223-D: function "LCD_Init" declared implicitly
..\USER\BSP.c(15): warning:  #223-D: function "PID_Init" declared implicitly
..\USER\BSP.c(92): warning:  #550-D: variable "Voltage" was set but never used
..\USER\BSP.c(109): warning:  #223-D: function "CCD_gather" declared implicitly
..\USER\BSP.c(110): warning:  #223-D: function "CCD_Filtering" declared implicitly
..\USER\BSP.c(111): warning:  #223-D: function "Data_binarization" declared implicitly
..\USER\BSP.c(111): warning:  #223-D: function "averaging" declared implicitly
..\USER\BSP.c(112): warning:  #223-D: function "Track_Midline" declared implicitly
..\USER\BSP.c(118): warning:  #223-D: function "PID_Calc" declared implicitly
..\USER\BSP.c(119): warning:  #223-D: function "Servo_pwm" declared implicitly
..\USER\BSP.c(125): warning:  #223-D: function "PID_Calc" declared implicitly
compiling ccd.c...
compiling dip_switch.c...
..\USER\dip_switch.h(6): error:  #20: identifier "uint32_t" is undefined
..\USER\dip_switch.h(7): error:  #20: identifier "uint32_t" is undefined
..\USER\dip_switch.h(8): error:  #20: identifier "uint32_t" is undefined
..\USER\dip_switch.c(5): error:  #20: identifier "uint32_t" is undefined
..\USER\dip_switch.c(7): error:  #20: identifier "PTC" is undefined
..\USER\dip_switch.c(11): error:  #20: identifier "uint32_t" is undefined
..\USER\dip_switch.c(13): error:  #20: identifier "uint32_t" is undefined
..\USER\dip_switch.c(14): error:  #20: identifier "uint32_t" is undefined
..\USER\dip_switch.c(15): error:  #20: identifier "uint32_t" is undefined
..\USER\dip_switch.c(23): warning:  #1166-D: returning pointer to local variable
..\USER\dip_switch.c(26): error:  #20: identifier "uint32_t" is undefined
..\USER\dip_switch.c(28): error:  #20: identifier "uint32_t" is undefined
..\USER\dip_switch.c(29): error:  #20: identifier "uint32_t" is undefined
..\USER\dip_switch.c(30): error:  #20: identifier "uint32_t" is undefined
..\USER\dip_switch.c(41): warning:  #1166-D: returning pointer to local variable
compiling OLED.c...
compiling pid.c...
..\USER\pid.c(37): warning:  #223-D: function "abs" declared implicitly
compiling servo_control.c...
Target not created
Build target 'Target 1'
compiling dip_switch.c...
..\USER\dip_switch.h(6): error:  #20: identifier "uint32_t" is undefined
..\USER\dip_switch.h(7): error:  #20: identifier "uint32_t" is undefined
..\USER\dip_switch.h(8): error:  #20: identifier "uint32_t" is undefined
Target not created
Build target 'Target 1'
compiling dip_switch.c...
..\USER\dip_switch.h(6): error:  #20: identifier "uint32_t" is undefined
..\USER\dip_switch.h(7): error:  #20: identifier "uint32_t" is undefined
..\USER\dip_switch.h(8): error:  #20: identifier "uint32_t" is undefined
Target not created
Build target 'Target 1'
compiling main.c...
..\USER\main.c(5): warning:  #951-D: return type of function "main" must be "int"
..\USER\main.c(8): warning:  #223-D: function "BSP_Init" declared implicitly
..\USER\main.c(9): warning:  #223-D: function "CCD_Restet" declared implicitly
..\USER\main.c(12): warning:  #223-D: function "PID_Init" declared implicitly
..\USER\main.c(13): warning:  #223-D: function "CCD_TASK" declared implicitly
..\USER\main.c(14): warning:  #223-D: function "DIR_TASK" declared implicitly
..\USER\main.c(15): warning:  #223-D: function "SCU_TASK" declared implicitly
compiling BSP.c...
..\USER\BSP.c(8): warning:  #223-D: function "LCD_Init" declared implicitly
..\USER\BSP.c(15): warning:  #223-D: function "PID_Init" declared implicitly
..\USER\BSP.c(92): warning:  #550-D: variable "Voltage" was set but never used
..\USER\BSP.c(109): warning:  #223-D: function "CCD_gather" declared implicitly
..\USER\BSP.c(110): warning:  #223-D: function "CCD_Filtering" declared implicitly
..\USER\BSP.c(111): warning:  #223-D: function "Data_binarization" declared implicitly
..\USER\BSP.c(111): warning:  #223-D: function "averaging" declared implicitly
..\USER\BSP.c(112): warning:  #223-D: function "Track_Midline" declared implicitly
..\USER\BSP.c(118): warning:  #223-D: function "PID_Calc" declared implicitly
..\USER\BSP.c(119): warning:  #223-D: function "Servo_pwm" declared implicitly
..\USER\BSP.c(125): warning:  #223-D: function "PID_Calc" declared implicitly
compiling ccd.c...
compiling dip_switch.c...
compiling OLED.c...
compiling pid.c...
..\USER\pid.c(37): warning:  #223-D: function "abs" declared implicitly
compiling servo_control.c...
linking...
Program Size: Code=32808 RO-data=4984 RW-data=220 ZI-data=7364  
FromELF: creating hex file...
"model.axf" - 0 Error(s), 19 Warning(s).
Build target 'Target 1'
compiling BSP.c...
..\USER\BSP.c(8): warning:  #223-D: function "LCD_Init" declared implicitly
..\USER\BSP.c(15): warning:  #223-D: function "PID_Init" declared implicitly
..\USER\BSP.c(92): warning:  #550-D: variable "Voltage" was set but never used
..\USER\BSP.c(109): warning:  #223-D: function "CCD_gather" declared implicitly
..\USER\BSP.c(110): warning:  #223-D: function "CCD_Filtering" declared implicitly
..\USER\BSP.c(111): warning:  #223-D: function "Data_binarization" declared implicitly
..\USER\BSP.c(111): warning:  #223-D: function "averaging" declared implicitly
..\USER\BSP.c(112): warning:  #223-D: function "Track_Midline" declared implicitly
..\USER\BSP.c(118): warning:  #223-D: function "PID_Calc" declared implicitly
..\USER\BSP.c(119): warning:  #223-D: function "Servo_pwm" declared implicitly
..\USER\BSP.c(125): warning:  #223-D: function "PID_Calc" declared implicitly
linking...
Program Size: Code=32808 RO-data=4984 RW-data=220 ZI-data=7364  
FromELF: creating hex file...
"model.axf" - 0 Error(s), 11 Warning(s).
Build target 'Target 1'
compiling OLED.c...
linking...
Program Size: Code=32808 RO-data=4984 RW-data=220 ZI-data=7364  
FromELF: creating hex file...
"model.axf" - 0 Error(s), 0 Warning(s).
Rebuild target 'Target 1'
assembling startup_MK60D10.s...
compiling system_MK60D10.c...
compiling main.c...
..\USER\main.c(5): warning:  #951-D: return type of function "main" must be "int"
..\USER\main.c(8): warning:  #223-D: function "BSP_Init" declared implicitly
..\USER\main.c(9): warning:  #223-D: function "CCD_Restet" declared implicitly
..\USER\main.c(12): warning:  #223-D: function "PID_Init" declared implicitly
..\USER\main.c(13): warning:  #223-D: function "CCD_TASK" declared implicitly
..\USER\main.c(14): warning:  #223-D: function "DIR_TASK" declared implicitly
..\USER\main.c(15): warning:  #223-D: function "SCU_TASK" declared implicitly
compiling BSP.c...
..\USER\BSP.c(8): warning:  #223-D: function "LCD_Init" declared implicitly
..\USER\BSP.c(15): warning:  #223-D: function "PID_Init" declared implicitly
..\USER\BSP.c(92): warning:  #550-D: variable "Voltage" was set but never used
..\USER\BSP.c(109): warning:  #223-D: function "CCD_gather" declared implicitly
..\USER\BSP.c(110): warning:  #223-D: function "CCD_Filtering" declared implicitly
..\USER\BSP.c(111): warning:  #223-D: function "Data_binarization" declared implicitly
..\USER\BSP.c(111): warning:  #223-D: function "averaging" declared implicitly
..\USER\BSP.c(112): warning:  #223-D: function "Track_Midline" declared implicitly
..\USER\BSP.c(118): warning:  #223-D: function "PID_Calc" declared implicitly
..\USER\BSP.c(119): warning:  #223-D: function "Servo_pwm" declared implicitly
..\USER\BSP.c(125): warning:  #223-D: function "PID_Calc" declared implicitly
compiling ccd.c...
compiling dip_switch.c...
compiling OLED.c...
compiling pid.c...
..\USER\pid.c(37): warning:  #223-D: function "abs" declared implicitly
compiling servo_control.c...
compiling adc.c...
compiling can.c...
compiling common.c...
compiling cpuidy.c...
compiling dac.c...
compiling dma.c...
compiling enet.c...
compiling flexbus.c...
compiling ftm.c...
compiling gpio.c...
compiling i2c.c...
compiling lptmr.c...
compiling pit.c...
compiling rtc.c...
compiling sd.c...
compiling spi.c...
compiling systick.c...
compiling tsi.c...
compiling uart.c...
compiling vref.c...
compiling wdog.c...
linking...
Program Size: Code=32808 RO-data=4984 RW-data=220 ZI-data=7364  
FromELF: creating hex file...
"model.axf" - 0 Error(s), 19 Warning(s).
Build target 'Target 1'
compiling main.c...
..\USER\main.c(5): warning:  #951-D: return type of function "main" must be "int"
compiling BSP.c...
..\USER\BSP.c(92): warning:  #550-D: variable "Voltage" was set but never used
compiling ccd.c...
compiling OLED.c...
compiling pid.c...
..\USER\pid.c(37): warning:  #223-D: function "abs" declared implicitly
compiling servo_control.c...
linking...
Program Size: Code=33014 RO-data=4986 RW-data=220 ZI-data=7364  
FromELF: creating hex file...
"model.axf" - 0 Error(s), 3 Warning(s).
Build target 'Target 1'
compiling main.c...
compiling BSP.c...
..\USER\BSP.c(92): warning:  #550-D: variable "Voltage" was set but never used
compiling OLED.c...
linking...
Program Size: Code=33018 RO-data=4982 RW-data=220 ZI-data=7364  
FromELF: creating hex file...
"model.axf" - 0 Error(s), 1 Warning(s).
Build target 'Target 1'
compiling BSP.c...
..\USER\BSP.c(92): warning:  #550-D: variable "Voltage" was set but never used
linking...
Program Size: Code=33022 RO-data=4986 RW-data=220 ZI-data=7364  
FromELF: creating hex file...
"model.axf" - 0 Error(s), 1 Warning(s).
Build target 'Target 1'
compiling main.c...
compiling BSP.c...
..\USER\BSP.c(92): warning:  #550-D: variable "Voltage" was set but never used
compiling ccd.c...
compiling OLED.c...
compiling pid.c...
..\USER\pid.c(37): warning:  #223-D: function "abs" declared implicitly
compiling servo_control.c...
linking...
Program Size: Code=33022 RO-data=4986 RW-data=220 ZI-data=7364  
FromELF: creating hex file...
"model.axf" - 0 Error(s), 2 Warning(s).
Build target 'Target 1'
compiling main.c...
compiling BSP.c...
..\USER\BSP.c(92): warning:  #550-D: variable "Voltage" was set but never used
compiling ccd.c...
compiling OLED.c...
compiling pid.c...
..\USER\pid.c(37): warning:  #223-D: function "abs" declared implicitly
compiling servo_control.c...
linking...
Program Size: Code=33022 RO-data=4986 RW-data=220 ZI-data=7364  
FromELF: creating hex file...
"model.axf" - 0 Error(s), 2 Warning(s).
Build target 'Target 1'
compiling main.c...
..\USER\main.c(15): error:  #20: identifier "sptr" is undefined
..\USER\main.c(15): error:  #20: identifier "iError_1" is undefined
compiling BSP.c...
..\USER\BSP.c(92): warning:  #550-D: variable "Voltage" was set but never used
compiling ccd.c...
compiling dip_switch.c...
compiling OLED.c...
compiling pid.c...
..\USER\pid.c(37): warning:  #223-D: function "abs" declared implicitly
compiling servo_control.c...
Target not created
Rebuild target 'Target 1'
assembling startup_MK60D10.s...
compiling system_MK60D10.c...
compiling main.c...
..\USER\main.c(15): error:  #20: identifier "SetPoint" is undefined
..\USER\main.c(15): error:  #20: identifier "iError_1" is undefined
compiling BSP.c...
..\USER\BSP.c(92): warning:  #550-D: variable "Voltage" was set but never used
compiling ccd.c...
compiling dip_switch.c...
compiling OLED.c...
compiling pid.c...
..\USER\pid.c(37): warning:  #223-D: function "abs" declared implicitly
compiling servo_control.c...
compiling adc.c...
compiling can.c...
compiling common.c...
compiling cpuidy.c...
compiling dac.c...
compiling dma.c...
compiling enet.c...
compiling flexbus.c...
compiling ftm.c...
compiling gpio.c...
compiling i2c.c...
compiling lptmr.c...
compiling pit.c...
compiling rtc.c...
compiling sd.c...
compiling spi.c...
compiling systick.c...
compiling tsi.c...
compiling uart.c...
compiling vref.c...
compiling wdog.c...
Target not created
Build target 'Target 1'
compiling main.c...
..\USER\main.c(4): error:  #81: more than one storage class may not be specified
..\USER\main.c(5): error:  #81: more than one storage class may not be specified
Target not created
Build target 'Target 1'
compiling main.c...
..\USER\main.c(5): error:  #81: more than one storage class may not be specified
..\USER\main.c(5): error:  #20: identifier "sPID" is undefined
Target not created
Build target 'Target 1'
compiling main.c...
..\USER\main.c(16): error:  #20: identifier "sptr" is undefined
Target not created
Build target 'Target 1'
compiling main.c...
..\USER\main.c(16): error:  #20: identifier "SetPoint" is undefined
Target not created
Build target 'Target 1'
compiling main.c...
..\USER\main.c(4): warning:  #64-D: declaration does not declare anything
..\USER\main.c(4): warning:  #1000-D: a storage class may not be specified here
..\USER\main.c(17): error:  #20: identifier "SetPoint" is undefined
compiling BSP.c...
..\USER\BSP.c(92): warning:  #550-D: variable "Voltage" was set but never used
compiling ccd.c...
compiling OLED.c...
compiling pid.c...
..\USER\pid.c(37): warning:  #223-D: function "abs" declared implicitly
compiling servo_control.c...
Target not created
Build target 'Target 1'
compiling main.c...
..\USER\main.c(4): warning:  #64-D: declaration does not declare anything
..\USER\main.c(4): warning:  #1000-D: a storage class may not be specified here
..\USER\main.c(17): error:  #20: identifier "SetPoint" is undefined
Target not created
compiling pid.c...
..\USER\pid.c(37): warning:  #223-D: function "abs" declared implicitly
..\USER\pid.c - 0 Error(s), 1 Warning(s).
compiling pid.c...
..\USER\pid.c(37): warning:  #223-D: function "abs" declared implicitly
..\USER\pid.c - 0 Error(s), 1 Warning(s).
Build target 'Target 1'
compiling main.c...
..\USER\main.c(4): warning:  #64-D: declaration does not declare anything
..\USER\main.c(4): warning:  #1000-D: a storage class may not be specified here
..\USER\main.c(17): error:  #20: identifier "SetPoint" is undefined
compiling pid.c...
Target not created
Build target 'Target 1'
compiling main.c...
compiling BSP.c...
..\USER\BSP.c(92): warning:  #550-D: variable "Voltage" was set but never used
compiling ccd.c...
compiling OLED.c...
compiling pid.c...
compiling servo_control.c...
linking...
Program Size: Code=33010 RO-data=4982 RW-data=220 ZI-data=7364  
FromELF: creating hex file...
"model.axf" - 0 Error(s), 1 Warning(s).
Build target 'Target 1'
compiling main.c...
..\USER\BSP.h(14): error:  #130: expected a "{"
..\USER\main.c(6): warning:  #12-D: parsing restarts here after previous syntax error
..\USER\main.c(15): warning:  #223-D: function "CCD_TASK" declared implicitly
..\USER\main.c(16): warning:  #223-D: function "DIR_TASK" declared implicitly
..\USER\main.c(17): warning:  #223-D: function "SCU_TASK" declared implicitly
..\USER\main.c(17): error:  #20: identifier "number" is undefined
compiling BSP.c...
..\USER\BSP.h(14): error:  #130: expected a "{"
..\USER\BSP.c(6): warning:  #12-D: parsing restarts here after previous syntax error
..\USER\BSP.c(10): warning:  #223-D: function "LPT_Config" declared implicitly
..\USER\BSP.c(11): warning:  #223-D: function "PIT_Config" declared implicitly
..\USER\BSP.c(16): warning:  #940-D: missing return statement at end of non-void function "Voltage_Show"
..\USER\BSP.c(64): error:  #159: declaration is incompatible with previous "PIT_Config" (declared at line 11)
..\USER\BSP.c(67): error:  #20: identifier "Pulse_Counting_ISR" is undefined
..\USER\BSP.c(71): error:  #159: declaration is incompatible with previous "LPT_Config" (declared at line 10)
..\USER\BSP.c(78): error:  #20: identifier "number" is undefined
..\USER\BSP.c(90): error:  #247: function "Voltage_Show" has already been defined
compiling ccd.c...
..\USER\BSP.h(14): error:  #130: expected a "{"
..\USER\ccd.c(3): warning:  #12-D: parsing restarts here after previous syntax error
..\USER\ccd.c(3): warning:  #174-D: expression has no effect
..\USER\ccd.c(3): error:  #65: expected a ";"
..\USER\ccd.c(3): warning:  #940-D: missing return statement at end of non-void function "Voltage_Show"
..\USER\ccd.c(23): error:  #20: identifier "CCD_original_data" is undefined
..\USER\ccd.c(65): error:  #20: identifier "CCD_original_data" is undefined
..\USER\ccd.c(68): warning:  #223-D: function "MAX_5" declared implicitly
..\USER\ccd.c(69): warning:  #223-D: function "MIN_5" declared implicitly
..\USER\ccd.c(70): error:  #20: identifier "CCD_original_data" is undefined
..\USER\ccd.c(72): warning:  #223-D: function "Data_sort" declared implicitly
..\USER\ccd.c(99): error:  #159: declaration is incompatible with previous "Data_sort" (declared at line 72)
..\USER\ccd.c(123): warning:  #223-D: function "MAX_2" declared implicitly
..\USER\ccd.c(124): warning:  #223-D: function "MIN_2" declared implicitly
..\USER\ccd.c(166): error:  #159: declaration is incompatible with previous "MAX_5" (declared at line 68)
..\USER\ccd.c(168): warning:  #223-D: function "MAX_2" declared implicitly
..\USER\ccd.c(171): error:  #159: declaration is incompatible with previous "MIN_5" (declared at line 69)
..\USER\ccd.c(173): warning:  #223-D: function "MIN_2" declared implicitly
..\USER\ccd.c(176): error:  #159: declaration is incompatible with previous "MAX_2" (declared at line 123)
..\USER\ccd.c(181): error:  #159: declaration is incompatible with previous "MIN_2" (declared at line 124)
compiling OLED.c...
..\USER\BSP.h(14): error:  #130: expected a "{"
..\USER\OLED.c(20): warning:  #12-D: parsing restarts here after previous syntax error
..\USER\OLED.c(21): warning:  #174-D: expression has no effect
..\USER\OLED.c(21): warning:  #174-D: expression has no effect
..\USER\OLED.c(21): warning:  #174-D: expression has no effect
..\USER\OLED.c(21): warning:  #174-D: expression has no effect
..\USER\OLED.c(21): warning:  #174-D: expression has no effect
..\USER\OLED.c(21): warning:  #174-D: expression has no effect
..\USER\OLED.c(21): error:  #65: expected a ";"
..\USER\OLED.c(21): error:  #29: expected an expression
..\USER\OLED.c(113): warning:  #12-D: parsing restarts here after previous syntax error
..\USER\OLED.c(113): error:  #65: expected a ";"
..\USER\OLED.c(113): warning:  #940-D: missing return statement at end of non-void function "Voltage_Show"
..\USER\OLED.c(584): error:  #20: identifier "F6x8" is undefined
compiling pid.c...
..\USER\BSP.h(14): error:  #130: expected a "{"
..\USER\pid.h(9): warning:  #12-D: parsing restarts here after previous syntax error
..\USER\pid.h(23): warning:  #940-D: missing return statement at end of non-void function "Voltage_Show"
..\USER\pid.h(10): warning:  #177-D: variable "SetPoint" was declared but never referenced
..\USER\pid.h(11): warning:  #177-D: variable "Proportion" was declared but never referenced
..\USER\pid.h(12): warning:  #177-D: variable "Integral" was declared but never referenced
..\USER\pid.h(13): warning:  #177-D: variable "Derivative" was declared but never referenced
..\USER\pid.h(14): warning:  #177-D: variable "LastError" was declared but never referenced
..\USER\pid.h(15): warning:  #177-D: variable "PrevError" was declared but never referenced
..\USER\pid.h(17): warning:  #177-D: variable "View_Midline" was declared but never referenced
..\USER\pid.h(18): warning:  #177-D: variable "Proportion_1" was declared but never referenced
..\USER\pid.h(19): warning:  #177-D: variable "Integral_1" was declared but never referenced
..\USER\pid.h(20): warning:  #177-D: variable "Derivative_1" was declared but never referenced
..\USER\pid.h(21): warning:  #177-D: variable "LastError_1" was declared but never referenced
..\USER\pid.h(22): warning:  #177-D: variable "PrevError_1" was declared but never referenced
..\USER\pid.h(23): error:  #77-D: this declaration has no storage class or type specifier
..\USER\pid.c(3): error:  #757: variable "PID" is not a type name
..\USER\pid.c(4): error:  #757: variable "PID" is not a type name
..\USER\pid.c(10): error:  #132: expression must have pointer-to-struct-or-union type
..\USER\pid.c(11): error:  #132: expression must have pointer-to-struct-or-union type
..\USER\pid.c(12): error:  #132: expression must have pointer-to-struct-or-union type
..\USER\pid.c(13): error:  #132: expression must have pointer-to-struct-or-union type
..\USER\pid.c(14): error:  #132: expression must have pointer-to-struct-or-union type
..\USER\pid.c(15): error:  #132: expression must have pointer-to-struct-or-union type
..\USER\pid.c(17): error:  #132: expression must have pointer-to-struct-or-union type
..\USER\pid.c(18): error:  #132: expression must have pointer-to-struct-or-union type
..\USER\pid.c(19): error:  #132: expression must have pointer-to-struct-or-union type
..\USER\pid.c(20): error:  #132: expression must have pointer-to-struct-or-union type
..\USER\pid.c(21): error:  #132: expression must have pointer-to-struct-or-union type
..\USER\pid.c(22): error:  #132: expression must have pointer-to-struct-or-union type
..\USER\pid.c(33): error:  #132: expression must have pointer-to-struct-or-union type
..\USER\pid.c(38): error:  #132: expression must have pointer-to-struct-or-union type
..\USER\pid.c(38): error:  #132: expression must have pointer-to-struct-or-union type
..\USER\pid.c(38): error:  #132: expression must have pointer-to-struct-or-union type
..\USER\pid.c(42): error:  #132: expression must have pointer-to-struct-or-union type
..\USER\pid.c(42): error:  #132: expression must have pointer-to-struct-or-union type
..\USER\pid.c(42): error:  #132: expression must have pointer-to-struct-or-union type
..\USER\pid.c(42): error:  #132: expression must have pointer-to-struct-or-union type
..\USER\pid.c(42): error:  #132: expression must have pointer-to-struct-or-union type
..\USER\pid.c(47): error:  #132: expression must have pointer-to-struct-or-union type
..\USER\pid.c(47): error:  #132: expression must have pointer-to-struct-or-union type
..\USER\pid.c(48): error:  #132: expression must have pointer-to-struct-or-union type
..\USER\pid.c(53): error:  #132: expression must have pointer-to-struct-or-union type
..\USER\pid.c(54): error:  #132: expression must have pointer-to-struct-or-union type
compiling servo_control.c...
..\USER\BSP.h(14): error:  #130: expected a "{"
..\USER\servo_control.c(4): warning:  #12-D: parsing restarts here after previous syntax error
..\USER\servo_control.c(8): error:  #20: identifier "Location_corner" is undefined
Target not created
Build target 'Target 1'
compiling main.c...
..\USER\BSP.h(14): error:  #130: expected a "{"
..\USER\main.c(6): warning:  #12-D: parsing restarts here after previous syntax error
..\USER\main.c(15): warning:  #223-D: function "CCD_TASK" declared implicitly
..\USER\main.c(16): warning:  #223-D: function "DIR_TASK" declared implicitly
..\USER\main.c(17): warning:  #223-D: function "SCU_TASK" declared implicitly
..\USER\main.c(17): error:  #20: identifier "number" is undefined
compiling BSP.c...
..\USER\BSP.h(14): error:  #130: expected a "{"
..\USER\BSP.c(6): warning:  #12-D: parsing restarts here after previous syntax error
..\USER\BSP.c(10): warning:  #223-D: function "LPT_Config" declared implicitly
..\USER\BSP.c(11): warning:  #223-D: function "PIT_Config" declared implicitly
..\USER\BSP.c(16): warning:  #940-D: missing return statement at end of non-void function "Voltage_Show"
..\USER\BSP.c(64): error:  #159: declaration is incompatible with previous "PIT_Config" (declared at line 11)
..\USER\BSP.c(67): error:  #20: identifier "Pulse_Counting_ISR" is undefined
..\USER\BSP.c(71): error:  #159: declaration is incompatible with previous "LPT_Config" (declared at line 10)
..\USER\BSP.c(78): error:  #20: identifier "number" is undefined
..\USER\BSP.c(90): error:  #247: function "Voltage_Show" has already been defined
compiling ccd.c...
..\USER\BSP.h(14): error:  #130: expected a "{"
..\USER\ccd.c(3): warning:  #12-D: parsing restarts here after previous syntax error
..\USER\ccd.c(3): warning:  #174-D: expression has no effect
..\USER\ccd.c(3): error:  #65: expected a ";"
..\USER\ccd.c(3): warning:  #940-D: missing return statement at end of non-void function "Voltage_Show"
..\USER\ccd.c(23): error:  #20: identifier "CCD_original_data" is undefined
..\USER\ccd.c(65): error:  #20: identifier "CCD_original_data" is undefined
..\USER\ccd.c(68): warning:  #223-D: function "MAX_5" declared implicitly
..\USER\ccd.c(69): warning:  #223-D: function "MIN_5" declared implicitly
..\USER\ccd.c(70): error:  #20: identifier "CCD_original_data" is undefined
..\USER\ccd.c(72): warning:  #223-D: function "Data_sort" declared implicitly
..\USER\ccd.c(99): error:  #159: declaration is incompatible with previous "Data_sort" (declared at line 72)
..\USER\ccd.c(123): warning:  #223-D: function "MAX_2" declared implicitly
..\USER\ccd.c(124): warning:  #223-D: function "MIN_2" declared implicitly
..\USER\ccd.c(166): error:  #159: declaration is incompatible with previous "MAX_5" (declared at line 68)
..\USER\ccd.c(168): warning:  #223-D: function "MAX_2" declared implicitly
..\USER\ccd.c(171): error:  #159: declaration is incompatible with previous "MIN_5" (declared at line 69)
..\USER\ccd.c(173): warning:  #223-D: function "MIN_2" declared implicitly
..\USER\ccd.c(176): error:  #159: declaration is incompatible with previous "MAX_2" (declared at line 123)
..\USER\ccd.c(181): error:  #159: declaration is incompatible with previous "MIN_2" (declared at line 124)
compiling OLED.c...
..\USER\BSP.h(14): error:  #130: expected a "{"
..\USER\OLED.c(20): warning:  #12-D: parsing restarts here after previous syntax error
..\USER\OLED.c(21): warning:  #174-D: expression has no effect
..\USER\OLED.c(21): warning:  #174-D: expression has no effect
..\USER\OLED.c(21): warning:  #174-D: expression has no effect
..\USER\OLED.c(21): warning:  #174-D: expression has no effect
..\USER\OLED.c(21): warning:  #174-D: expression has no effect
..\USER\OLED.c(21): warning:  #174-D: expression has no effect
..\USER\OLED.c(21): error:  #65: expected a ";"
..\USER\OLED.c(21): error:  #29: expected an expression
..\USER\OLED.c(113): warning:  #12-D: parsing restarts here after previous syntax error
..\USER\OLED.c(113): error:  #65: expected a ";"
..\USER\OLED.c(113): warning:  #940-D: missing return statement at end of non-void function "Voltage_Show"
..\USER\OLED.c(584): error:  #20: identifier "F6x8" is undefined
compiling pid.c...
..\USER\BSP.h(14): error:  #130: expected a "{"
..\USER\pid.h(9): warning:  #12-D: parsing restarts here after previous syntax error
..\USER\pid.h(23): warning:  #940-D: missing return statement at end of non-void function "Voltage_Show"
..\USER\pid.h(10): warning:  #177-D: variable "SetPoint" was declared but never referenced
..\USER\pid.h(11): warning:  #177-D: variable "Proportion" was declared but never referenced
..\USER\pid.h(12): warning:  #177-D: variable "Integral" was declared but never referenced
..\USER\pid.h(13): warning:  #177-D: variable "Derivative" was declared but never referenced
..\USER\pid.h(14): warning:  #177-D: variable "LastError" was declared but never referenced
..\USER\pid.h(15): warning:  #177-D: variable "PrevError" was declared but never referenced
..\USER\pid.h(17): warning:  #177-D: variable "View_Midline" was declared but never referenced
..\USER\pid.h(18): warning:  #177-D: variable "Proportion_1" was declared but never referenced
..\USER\pid.h(19): warning:  #177-D: variable "Integral_1" was declared but never referenced
..\USER\pid.h(20): warning:  #177-D: variable "Derivative_1" was declared but never referenced
..\USER\pid.h(21): warning:  #177-D: variable "LastError_1" was declared but never referenced
..\USER\pid.h(22): warning:  #177-D: variable "PrevError_1" was declared but never referenced
..\USER\pid.h(23): error:  #77-D: this declaration has no storage class or type specifier
..\USER\pid.c(3): error:  #757: variable "PID" is not a type name
..\USER\pid.c(4): error:  #757: variable "PID" is not a type name
..\USER\pid.c(10): error:  #132: expression must have pointer-to-struct-or-union type
..\USER\pid.c(11): error:  #132: expression must have pointer-to-struct-or-union type
..\USER\pid.c(12): error:  #132: expression must have pointer-to-struct-or-union type
..\USER\pid.c(13): error:  #132: expression must have pointer-to-struct-or-union type
..\USER\pid.c(14): error:  #132: expression must have pointer-to-struct-or-union type
..\USER\pid.c(15): error:  #132: expression must have pointer-to-struct-or-union type
..\USER\pid.c(17): error:  #132: expression must have pointer-to-struct-or-union type
..\USER\pid.c(18): error:  #132: expression must have pointer-to-struct-or-union type
..\USER\pid.c(19): error:  #132: expression must have pointer-to-struct-or-union type
..\USER\pid.c(20): error:  #132: expression must have pointer-to-struct-or-union type
..\USER\pid.c(21): error:  #132: expression must have pointer-to-struct-or-union type
..\USER\pid.c(22): error:  #132: expression must have pointer-to-struct-or-union type
..\USER\pid.c(33): error:  #132: expression must have pointer-to-struct-or-union type
..\USER\pid.c(38): error:  #132: expression must have pointer-to-struct-or-union type
..\USER\pid.c(38): error:  #132: expression must have pointer-to-struct-or-union type
..\USER\pid.c(38): error:  #132: expression must have pointer-to-struct-or-union type
..\USER\pid.c(42): error:  #132: expression must have pointer-to-struct-or-union type
..\USER\pid.c(42): error:  #132: expression must have pointer-to-struct-or-union type
..\USER\pid.c(42): error:  #132: expression must have pointer-to-struct-or-union type
..\USER\pid.c(42): error:  #132: expression must have pointer-to-struct-or-union type
..\USER\pid.c(42): error:  #132: expression must have pointer-to-struct-or-union type
..\USER\pid.c(47): error:  #132: expression must have pointer-to-struct-or-union type
..\USER\pid.c(47): error:  #132: expression must have pointer-to-struct-or-union type
..\USER\pid.c(48): error:  #132: expression must have pointer-to-struct-or-union type
..\USER\pid.c(53): error:  #132: expression must have pointer-to-struct-or-union type
..\USER\pid.c(54): error:  #132: expression must have pointer-to-struct-or-union type
compiling servo_control.c...
..\USER\BSP.h(14): error:  #130: expected a "{"
..\USER\servo_control.c(4): warning:  #12-D: parsing restarts here after previous syntax error
..\USER\servo_control.c(8): error:  #20: identifier "Location_corner" is undefined
Target not created
Build target 'Target 1'
compiling main.c...
compiling BSP.c...
compiling ccd.c...
compiling OLED.c...
compiling pid.c...
compiling servo_control.c...
..\USER\servo_control.c(5): error:  #20: identifier "error" is undefined
Target not created
Build target 'Target 1'
compiling servo_control.c...
linking...
Program Size: Code=33042 RO-data=4982 RW-data=220 ZI-data=7364  
FromELF: creating hex file...
"model.axf" - 0 Error(s), 0 Warning(s).
Build target 'Target 1'
compiling main.c...
compiling BSP.c...
compiling ccd.c...
compiling servo_control.c...
linking...
Program Size: Code=33050 RO-data=4982 RW-data=220 ZI-data=7364  
FromELF: creating hex file...
"model.axf" - 0 Error(s), 0 Warning(s).
