ARM Linker, 4.1 [Build 894] [Standard]

==============================================================================

Section Cross References

    startup_mk60d10.o(STACK) refers (Special) to heapauxi.o(.text) for __use_two_region_memory
    startup_mk60d10.o(HEAP) refers (Special) to heapauxi.o(.text) for __use_two_region_memory
    startup_mk60d10.o(RESET) refers (Special) to heapauxi.o(.text) for __use_two_region_memory
    startup_mk60d10.o(RESET) refers to startup_mk60d10.o(STACK) for __initial_sp
    startup_mk60d10.o(RESET) refers to startup_mk60d10.o(.text) for Reset_Handler
    startup_mk60d10.o(RESET) refers to common.o(.text) for NMI_Handler
    startup_mk60d10.o(RESET) refers to dma.o(.text) for DMA0_IRQHandler
    startup_mk60d10.o(RESET) refers to wdog.o(.text) for Watchdog_IRQHandler
    startup_mk60d10.o(RESET) refers to i2c.o(.text) for I2C0_IRQHandler
    startup_mk60d10.o(RESET) refers to spi.o(.text) for SPI0_IRQHandler
    startup_mk60d10.o(RESET) refers to can.o(.text) for CAN0_ORed_Message_buffer_IRQHandler
    startup_mk60d10.o(RESET) refers to uart.o(.text) for UART0_RX_TX_IRQHandler
    startup_mk60d10.o(RESET) refers to adc.o(.text) for ADC0_IRQHandler
    startup_mk60d10.o(RESET) refers to ftm.o(.text) for FTM0_IRQHandler
    startup_mk60d10.o(RESET) refers to rtc.o(.text) for RTC_IRQHandler
    startup_mk60d10.o(RESET) refers to pit.o(.text) for PIT0_IRQHandler
    startup_mk60d10.o(RESET) refers to enet.o(.text) for ENET_Transmit_IRQHandler
    startup_mk60d10.o(RESET) refers to dac.o(.text) for DAC0_IRQHandler
    startup_mk60d10.o(RESET) refers to tsi.o(.text) for TSI0_IRQHandler
    startup_mk60d10.o(RESET) refers to lptmr.o(.text) for LPTimer_IRQHandler
    startup_mk60d10.o(RESET) refers to gpio.o(.text) for PORTA_IRQHandler
    startup_mk60d10.o(.ARM.__at_0x400) refers (Special) to heapauxi.o(.text) for __use_two_region_memory
    startup_mk60d10.o(.text) refers (Special) to heapauxi.o(.text) for __use_two_region_memory
    startup_mk60d10.o(.text) refers to system_mk60d10.o(.text) for SystemInit
    startup_mk60d10.o(.text) refers to __main.o(!!!main) for __main
    startup_mk60d10.o(.text) refers to startup_mk60d10.o(HEAP) for Heap_Mem
    startup_mk60d10.o(.text) refers to startup_mk60d10.o(STACK) for Stack_Mem
    system_mk60d10.o(.text) refers to system_mk60d10.o(.data) for SystemCoreClock
    main.o(.text) refers to bsp.o(.text) for BSP_Init
    main.o(.text) refers to ccd.o(.text) for CCD_Restet
    main.o(.text) refers to pid.o(.text) for PID_Init
    main.o(.text) refers to gpio.o(.text) for GPIO_ToggleBit
    main.o(.text) refers to common.o(.text) for DelayMs
    main.o(.text) refers to bsp.o(.data) for number
    bsp.o(.text) refers to gpio.o(.text) for GPIO_QuickInit
    bsp.o(.text) refers to ftm.o(.text) for FTM_PWM_QuickInit
    bsp.o(.text) refers to adc.o(.text) for ADC_QuickInit
    bsp.o(.text) refers to uart.o(.text) for UART_QuickInit
    bsp.o(.text) refers to lptmr.o(.text) for LPTMR_PC_ReadCounter
    bsp.o(.text) refers to pit.o(.text) for PIT_QuickInit
    bsp.o(.text) refers to common.o(.text) for DelayInit
    bsp.o(.text) refers to oled.o(.text) for LCD_Init
    bsp.o(.text) refers to pid.o(.text) for PID_Init
    bsp.o(.text) refers to dflt_clz.o(x$fpl$dflt) for __aeabi_i2d
    bsp.o(.text) refers to ddiv.o(x$fpl$ddiv) for __aeabi_ddiv
    bsp.o(.text) refers to dmul.o(x$fpl$dmul) for __aeabi_dmul
    bsp.o(.text) refers to d2f.o(x$fpl$d2f) for __aeabi_d2f
    bsp.o(.text) refers to f2d.o(x$fpl$f2d) for __aeabi_f2d
    bsp.o(.text) refers to drleqf.o(x$fpl$drleqf) for __aeabi_cdrcmple
    bsp.o(.text) refers to ccd.o(.text) for CCD_gather
    bsp.o(.text) refers to servo_control.o(.text) for Servo_pwm
    bsp.o(.text) refers to ffixu.o(x$fpl$ffixu) for __aeabi_f2uiz
    bsp.o(.text) refers to daddsub_clz.o(x$fpl$dadd) for __aeabi_dadd
    bsp.o(.text) refers to dfix.o(x$fpl$dfix) for __aeabi_d2iz
    bsp.o(.text) refers to bsp.o(.data) for number
    ccd.o(.text) refers to gpio.o(.text) for GPIO_WriteBit
    ccd.o(.text) refers to adc.o(.text) for ADC_QuickReadValue
    ccd.o(.text) refers to uart.o(.text) for UART_WriteByte
    ccd.o(.text) refers to ccd.o(.bss) for CCD_original_data
    ccd.o(.text) refers to ccd.o(.data) for Lost_flag
    oled.o(.text) refers to gpio.o(.text) for GPIO_WriteBit
    oled.o(.text) refers to oled.o(.constdata) for F6x8
    pid.o(.text) refers to dip_switch.o(.text) for Speed_Set
    pid.o(.text) refers to dflt_clz.o(x$fpl$dflt) for __aeabi_i2d
    pid.o(.text) refers to dmul.o(x$fpl$dmul) for __aeabi_dmul
    pid.o(.text) refers to daddsub_clz.o(x$fpl$dadd) for __aeabi_dadd
    pid.o(.text) refers to dfix.o(x$fpl$dfix) for __aeabi_d2iz
    pid.o(.text) refers to pid.o(.data) for sptr
    pid.o(.text) refers to ccd.o(.data) for Lost_flag
    pid.o(.data) refers to pid.o(.bss) for sPID
    servo_control.o(.text) refers to _printf_percent.o(.ARM.Collect$$_printf_percent$$00000000) for _printf_percent
[...]
    x$fpl$dleqf                              0x00008e10   Section      120  dleqf.o(x$fpl$dleqf)
    x$fpl$dmul                               0x00008e88   Section      340  dmul.o(x$fpl$dmul)
    x$fpl$dnaninf                            0x00008fdc   Section      156  dnaninf.o(x$fpl$dnaninf)
    x$fpl$dretinf                            0x00009078   Section       12  dretinf.o(x$fpl$dretinf)
    x$fpl$drleqf                             0x00009084   Section      108  drleqf.o(x$fpl$drleqf)
    x$fpl$drsb                               0x000090f0   Section       22  daddsub_clz.o(x$fpl$drsb)
    x$fpl$dsub                               0x00009108   Section      468  daddsub_clz.o(x$fpl$dsub)
    _dsub1                                   0x00009119   Thumb Code     0  daddsub_clz.o(x$fpl$dsub)
    x$fpl$f2d                                0x000092dc   Section       86  f2d.o(x$fpl$f2d)
    x$fpl$ffixu                              0x00009334   Section       62  ffixu.o(x$fpl$ffixu)
    x$fpl$fnaninf                            0x00009372   Section      140  fnaninf.o(x$fpl$fnaninf)
    x$fpl$fpinit                             0x000093fe   Section       14  fpinit.o(x$fpl$fpinit)
    x$fpl$fretinf                            0x0000940c   Section       10  fretinf.o(x$fpl$fretinf)
    x$fpl$printf1                            0x00009416   Section        4  printf1.o(x$fpl$printf1)
    x$fpl$retnan                             0x0000941a   Section      100  retnan.o(x$fpl$retnan)
    x$fpl$scalbn                             0x0000947e   Section       92  scalbn.o(x$fpl$scalbn)
    x$fpl$trapveneer                         0x000094da   Section       48  trapv.o(x$fpl$trapveneer)
    .constdata                               0x0000950a   Section     2798  oled.o(.constdata)
    x$fpl$usenofp                            0x0000950a   Section        0  usenofp.o(x$fpl$usenofp)
    .constdata                               0x00009ff8   Section       26  adc.o(.constdata)
    SIM_ADCClockGateTable                    0x0000a000   Data          16  adc.o(.constdata)
    ADC_IRQnTable                            0x0000a010   Data           2  adc.o(.constdata)
    .constdata                               0x0000a014   Section       26  can.o(.constdata)
    SIM_CANClockGateTable                    0x0000a01c   Data          16  can.o(.constdata)
    CAN_IRQnTable                            0x0000a02c   Data           2  can.o(.constdata)
    .constdata                               0x0000a030   Section       10  dac.o(.constdata)
    DAC_InstanceTable                        0x0000a030   Data           8  dac.o(.constdata)
    DAC_IRQnTable                            0x0000a038   Data           2  dac.o(.constdata)
    .constdata                               0x0000a03a   Section       16  dma.o(.constdata)
    DMA_IRQnTable                            0x0000a03a   Data          16  dma.o(.constdata)
    .constdata                               0x0000a04c   Section       51  ftm.o(.constdata)
    FTM_ChlMaxTable                          0x0000a058   Data          12  ftm.o(.constdata)
    SIM_FTMClockGateTable                    0x0000a064   Data          24  ftm.o(.constdata)
    FTM_IRQnTable                            0x0000a07c   Data           3  ftm.o(.constdata)
    .constdata                               0x0000a080   Section       65  gpio.o(.constdata)
    GPIO_InstanceTable                       0x0000a080   Data          20  gpio.o(.constdata)
    PORT_InstanceTable                       0x0000a094   Data          20  gpio.o(.constdata)
    SIM_GPIOClockGateTable                   0x0000a0a8   Data          20  gpio.o(.constdata)
    GPIO_IRQnTable                           0x0000a0bc   Data           5  gpio.o(.constdata)
    .constdata                               0x0000a0c4   Section      218  i2c.o(.constdata)
    I2C_InstanceTable                        0x0000a0c4   Data           8  i2c.o(.constdata)
    SIM_I2CClockGateTable                    0x0000a0cc   Data           8  i2c.o(.constdata)
    I2C_IRQnTable                            0x0000a0d4   Data           2  i2c.o(.constdata)
    I2C_DiverTable                           0x0000a0d6   Data         200  i2c.o(.constdata)
    .constdata                               0x0000a19e   Section        1  lptmr.o(.constdata)
    PIT_IRQnTable                            0x0000a19e   Data           1  lptmr.o(.constdata)
    .constdata                               0x0000a19f   Section        4  pit.o(.constdata)
    PIT_IRQnTable                            0x0000a19f   Data           4  pit.o(.constdata)
    .constdata                               0x0000a1a4   Section       52  rtc.o(.constdata)
    ULY                                      0x0000a1a4   Data          13  rtc.o(.constdata)
    LY                                       0x0000a1b1   Data          13  rtc.o(.constdata)
    MONTH_DAYS                               0x0000a1be   Data          26  rtc.o(.constdata)
    .constdata                               0x0000a1d8   Section      120  spi.o(.constdata)
    SIM_SPIClockGateTable                    0x0000a1e4   Data          24  spi.o(.constdata)
    SPI_IRQnTable                            0x0000a1fc   Data           3  spi.o(.constdata)
    s_baudratePrescaler                      0x0000a200   Data          16  spi.o(.constdata)
    s_baudrateScaler                         0x0000a210   Data          64  spi.o(.constdata)
    .constdata                               0x0000a250   Section       78  uart.o(.constdata)
    SIM_UARTClockGateTable                   0x0000a268   Data          48  uart.o(.constdata)
    UART_IRQnTable                           0x0000a298   Data           6  uart.o(.constdata)
    .constdata                               0x0000a2a0   Section      152  atan.o(.constdata)
    atanhi                                   0x0000a2a0   Data          32  atan.o(.constdata)
    atanlo                                   0x0000a2c0   Data          32  atan.o(.constdata)
    aTodd                                    0x0000a2e0   Data          40  atan.o(.constdata)
    aTeven                                   0x0000a308   Data          48  atan.o(.constdata)
    .constdata                               0x0000a338   Section      200  rred.o(.constdata)
    pio2s                                    0x0000a338   Data          48  rred.o(.constdata)
    twooverpi                                0x0000a368   Data         152  rred.o(.constdata)
    .constdata                               0x0000a400   Section       96  tan_i.o(.constdata)
    Todd                                     0x0000a400   Data          48  tan_i.o(.constdata)
    Teven                                    0x0000a430   Data          48  tan_i.o(.constdata)
    .constdata                               0x0000a460   Section      148  bigflt0.o(.constdata)
    tenpwrs_x                                0x0000a460   Data          60  bigflt0.o(.constdata)
    tenpwrs_i                                0x0000a49c   Data          64  bigflt0.o(.constdata)
    locale$$data                             0x0000a514   Section       28  lc_numeric_c.o(locale$$data)
    __lcnum_c_name                           0x0000a518   Data           2  lc_numeric_c.o(locale$$data)
    __lcnum_c_start                          0x0000a520   Data           0  lc_numeric_c.o(locale$$data)
    __lcnum_c_point                          0x0000a52c   Data           0  lc_numeric_c.o(locale$$data)
    __lcnum_c_thousands                      0x0000a52e   Data           0  lc_numeric_c.o(locale$$data)
    __lcnum_c_grouping                       0x0000a52f   Data           0  lc_numeric_c.o(locale$$data)
    __lcnum_c_end                            0x0000a530   Data           0  lc_numeric_c.o(locale$$data)
    .data                                    0x1fff0000   Section        4  system_mk60d10.o(.data)
    .data                                    0x1fff0004   Section        8  bsp.o(.data)
    .data                                    0x1fff000c   Section        1  ccd.o(.data)
    .data                                    0x1fff0010   Section        5  pid.o(.data)
    sptr                                     0x1fff0010   Data           4  pid.o(.data)
    .data                                    0x1fff0018   Section        8  adc.o(.data)
    ADC_CallBackTable                        0x1fff0018   Data           8  adc.o(.data)
    .data                                    0x1fff0020   Section        8  can.o(.data)
    CAN_CallBackTable                        0x1fff0020   Data           8  can.o(.data)
    .data                                    0x1fff0028   Section        8  dac.o(.data)
    DAC_CallBackTable                        0x1fff0028   Data           8  dac.o(.data)
    .data                                    0x1fff0030   Section       16  enet.o(.data)
    ENET_CallBackTxTable                     0x1fff0030   Data           4  enet.o(.data)
    ENET_CallBackRxTable                     0x1fff0034   Data           4  enet.o(.data)
    pxENETTxDescriptor                       0x1fff0038   Data           4  enet.o(.data)
    pxENETRxDescriptors                      0x1fff003c   Data           4  enet.o(.data)
    .data                                    0x1fff0040   Section        8  i2c.o(.data)
    I2C_CallBackTable                        0x1fff0040   Data           8  i2c.o(.data)
    .data                                    0x1fff0048   Section        4  lptmr.o(.data)
    LPTMR_CallBackTable                      0x1fff0048   Data           4  lptmr.o(.data)
    .data                                    0x1fff004c   Section        8  pit.o(.data)
    fac_us                                   0x1fff004c   Data           4  pit.o(.data)
    fac_ms                                   0x1fff0050   Data           4  pit.o(.data)
    .data                                    0x1fff0054   Section       52  rtc.o(.data)
    RTC_CallBackTable                        0x1fff0054   Data           4  rtc.o(.data)
    mdays                                    0x1fff0058   Data          48  rtc.o(.data)
    .data                                    0x1fff0088   Section        8  systick.o(.data)
    fac_us                                   0x1fff0088   Data           4  systick.o(.data)
    fac_ms                                   0x1fff008c   Data           4  systick.o(.data)
    .data                                    0x1fff0090   Section       68  tsi.o(.data)
    TSI_CallBackTable                        0x1fff0090   Data           4  tsi.o(.data)
    TSI_ChlCNTRTable                         0x1fff0094   Data          64  tsi.o(.data)
    .data                                    0x1fff00d4   Section       12  uart.o(.data)
    is_fitst_init                            0x1fff00d4   Data           1  uart.o(.data)
    UART_DebugInstance                       0x1fff00d5   Data           1  uart.o(.data)
    .data                                    0x1fff00e0   Section        4  wdog.o(.data)
    WDOG_CallBackTable                       0x1fff00e0   Data           4  wdog.o(.data)
    .bss                                     0x1fff00e4   Section      260  ccd.o(.bss)
    .bss                                     0x1fff01e8   Section       80  pid.o(.bss)
    sPID                                     0x1fff01e8   Data          80  pid.o(.bss)
    .bss                                     0x1fff0238   Section       64  dma.o(.bss)
    DMA_CallBackTable                        0x1fff0238   Data          64  dma.o(.bss)
    .bss                                     0x1fff0278   Section     1632  enet.o(.bss)
    xENETTxDescriptors_unaligned             0x1fff0278   Data          48  enet.o(.bss)
    xENETRxDescriptors_unaligned             0x1fff02a8   Data          48  enet.o(.bss)
    ucENETRxBuffers                          0x1fff02d8   Data        1536  enet.o(.bss)
    .bss                                     0x1fff08d8   Section       12  ftm.o(.bss)
    FTM_CallBackTable                        0x1fff08d8   Data          12  ftm.o(.bss)
    .bss                                     0x1fff08e4   Section       20  gpio.o(.bss)
    GPIO_CallBackTable                       0x1fff08e4   Data          20  gpio.o(.bss)
    .bss                                     0x1fff08f8   Section       16  pit.o(.bss)
    PIT_CallBackTable                        0x1fff08f8   Data          16  pit.o(.bss)
    .bss                                     0x1fff0908   Section       12  spi.o(.bss)
    SPI_CallBackTable                        0x1fff0908   Data          12  spi.o(.bss)
    .bss                                     0x1fff0914   Section       48  uart.o(.bss)
    UART_CallBackTxTable                     0x1fff0914   Data          24  uart.o(.bss)
    UART_CallBackRxTable                     0x1fff092c   Data          24  uart.o(.bss)
    .bss                                     0x1fff0944   Section       96  libspace.o(.bss)
    HEAP                                     0x1fff09a8   Section     1024  startup_mk60d10.o(HEAP)
    Heap_Mem                                 0x1fff09a8   Data        1024  startup_mk60d10.o(HEAP)
    STACK                                    0x1fff0da8   Section     4096  startup_mk60d10.o(STACK)
    Stack_Mem                                0x1fff0da8   Data        4096  startup_mk60d10.o(STACK)
    __initial_sp                             0x1fff1da8   Data           0  startup_mk60d10.o(STACK)

    Global Symbols

    Symbol Name                              Value     Ov Type        Size  Object(Section)

    BuildAttributes$$THM_ISAv4$E$P$D$K$B$S$7EM$PE$A:L22UL41UL21$X:L11$S22US41US21$IEEE1$IW$USESV6$~STKCKD$USESV7$~SHL$OTIME$ROPI$IEEEX$EBA8$UX$STANDARDLIB$REQ8$PRES8$EABIv2 0x00000000   Number         0  anon$$obj.o ABSOLUTE
    __ARM_use_no_argv                        0x00000000   Number         0  main.o ABSOLUTE
    __Vectors                                0x00000000   Data           4  startup_mk60d10.o(RESET)
    __ARM_exceptions_init                     - Undefined Weak Reference
    __alloca_initialize                       - Undefined Weak Reference
    __cpp_initialize__aeabi_                  - Undefined Weak Reference
    __cxa_finalize                            - Undefined Weak Reference
    __sigvec_lookup                           - Undefined Weak Reference
    _atexit_init                              - Undefined Weak Reference
    _call_atexit_fns                          - Undefined Weak Reference
    _clock_init                               - Undefined Weak Reference
    _fp_trap_init                             - Undefined Weak Reference
    _fp_trap_shutdown                         - Undefined Weak Reference
    _get_lc_collate                           - Undefined Weak Reference
    _get_lc_ctype                             - Undefined Weak Reference
    _get_lc_monetary                          - Undefined Weak Reference
    _get_lc_time                              - Undefined Weak Reference
    _getenv_init                              - Undefined Weak Reference
    _handle_redirection                       - Undefined Weak Reference
    _init_alloc                               - Undefined Weak Reference
    _init_user_alloc                          - Undefined Weak Reference
    _initio                                   - Undefined Weak Reference
    _mutex_acquire                            - Undefined Weak Reference
    _mutex_release                            - Undefined Weak Reference
    _printf_post_padding                      - Undefined Weak Reference
    _printf_pre_padding                       - Undefined Weak Reference
    _rand_init                                - Undefined Weak Reference
    _signal_finish                            - Undefined Weak Reference
    _signal_init                              - Undefined Weak Reference
    _terminate_alloc                          - Undefined Weak Reference
    _terminate_user_alloc                     - Undefined Weak Reference
    _terminateio                              - Undefined Weak Reference
    __Vectors_End                            0x00000400   Data           0  startup_mk60d10.o(RESET)
    __Vectors_Size                           0x00000400   Number         0  startup_mk60d10.o ABSOLUTE
    __main                                   0x00000411   Thumb Code     8  __main.o(!!!main)
    __scatterload                            0x00000419   Thumb Code     0  __scatter.o(!!!scatter)
    __scatterload_rt2                        0x00000419   Thumb Code    44  __scatter.o(!!!scatter)
    __scatterload_rt2_thumb_only             0x00000419   Thumb Code     0  __scatter.o(!!!scatter)
    __scatterload_null                       0x00000427   Thumb Code     0  __scatter.o(!!!scatter)
    __scatterload_copy                       0x0000044d   Thumb Code    26  __scatter_copy.o(!!handler_copy)
    __scatterload_zeroinit                   0x00000469   Thumb Code    28  __scatter_zi.o(!!handler_zi)
    _printf_f                                0x00000485   Thumb Code     0  _printf_f.o(.ARM.Collect$$_printf_percent$$00000003)
    _printf_percent                          0x00000485   Thumb Code     0  _printf_percent.o(.ARM.Collect$$_printf_percent$$00000000)
    _printf_percent_end                      0x0000048b   Thumb Code     0  _printf_percent_end.o(.ARM.Collect$$_printf_percent$$00000017)
    __rt_lib_init                            0x0000048f   Thumb Code     0  libinit.o(.ARM.Collect$$libinit$$00000000)
    __rt_lib_init_heap_1                     0x00000495   Thumb Code     0  libinit2.o(.ARM.Collect$$libinit$$00000006)
    __rt_lib_init_lc_common                  0x00000495   Thumb Code     0  libinit2.o(.ARM.Collect$$libinit$$0000000B)
    __rt_lib_init_rand_1                     0x00000495   Thumb Code     0  libinit2.o(.ARM.Collect$$libinit$$0000000A)
    __rt_lib_init_user_alloc_1               0x00000495   Thumb Code     0  libinit2.o(.ARM.Collect$$libinit$$00000008)
    __rt_lib_init_lc_collate_1               0x0000049b   Thumb Code     0  libinit2.o(.ARM.Collect$$libinit$$0000000D)
    __rt_lib_init_lc_ctype_1                 0x0000049b   Thumb Code     0  libinit2.o(.ARM.Collect$$libinit$$0000000F)
    __rt_lib_init_lc_monetary_1              0x0000049b   Thumb Code     0  libinit2.o(.ARM.Collect$$libinit$$00000011)
    __rt_lib_init_lc_numeric_2               0x0000049b   Thumb Code     0  libinit2.o(.ARM.Collect$$libinit$$00000012)
    __rt_lib_init_alloca_1                   0x000004a5   Thumb Code     0  libinit2.o(.ARM.Collect$$libinit$$0000002A)
    __rt_lib_init_argv_1                     0x000004a5   Thumb Code     0  libinit2.o(.ARM.Collect$$libinit$$00000028)
    __rt_lib_init_atexit_1                   0x000004a5   Thumb Code     0  libinit2.o(.ARM.Collect$$libinit$$00000017)
    __rt_lib_init_clock_1                    0x000004a5   Thumb Code     0  libinit2.o(.ARM.Collect$$libinit$$0000001D)
    __rt_lib_init_cpp_1                      0x000004a5   Thumb Code     0  libinit2.o(.ARM.Collect$$libinit$$0000002E)
    __rt_lib_init_exceptions_1               0x000004a5   Thumb Code     0  libinit2.o(.ARM.Collect$$libinit$$0000002C)
    __rt_lib_init_fp_trap_1                  0x000004a5   Thumb Code     0  libinit2.o(.ARM.Collect$$libinit$$0000001B)
    __rt_lib_init_getenv_1                   0x000004a5   Thumb Code     0  libinit2.o(.ARM.Collect$$libinit$$0000001F)
    __rt_lib_init_lc_numeric_1               0x000004a5   Thumb Code     0  libinit2.o(.ARM.Collect$$libinit$$00000013)
    __rt_lib_init_lc_time_1                  0x000004a5   Thumb Code     0  libinit2.o(.ARM.Collect$$libinit$$00000015)
    __rt_lib_init_return                     0x000004a5   Thumb Code     0  libinit2.o(.ARM.Collect$$libinit$$0000002F)
    __rt_lib_init_signal_1                   0x000004a5   Thumb Code     0  libinit2.o(.ARM.Collect$$libinit$$00000019)
    __rt_lib_init_stdio_1                    0x000004a5   Thumb Code     0  libinit2.o(.ARM.Collect$$libinit$$00000021)
    __rt_lib_shutdown                        0x000004a7   Thumb Code     0  libshutdown.o(.ARM.Collect$$libshutdown$$00000000)
    __rt_lib_shutdown_fp_trap_1              0x000004a9   Thumb Code     0  libshutdown2.o(.ARM.Collect$$libshutdown$$00000006)
    __rt_lib_shutdown_heap_1                 0x000004a9   Thumb Code     0  libshutdown2.o(.ARM.Collect$$libshutdown$$0000000E)
    __rt_lib_shutdown_return                 0x000004a9   Thumb Code     0  libshutdown2.o(.ARM.Collect$$libshutdown$$0000000F)
    __rt_lib_shutdown_signal_1               0x000004a9   Thumb Code     0  libshutdown2.o(.ARM.Collect$$libshutdown$$00000009)
    __rt_lib_shutdown_stdio_1                0x000004a9   Thumb Code     0  libshutdown2.o(.ARM.Collect$$libshutdown$$00000003)
    __rt_lib_shutdown_user_alloc_1           0x000004a9   Thumb Code     0  libshutdown2.o(.ARM.Collect$$libshutdown$$0000000B)
    __rt_entry                               0x000004ab   Thumb Code     0  rtentry.o(.ARM.Collect$$rtentry$$00000000)
    __rt_entry_presh_1                       0x000004ab   Thumb Code     0  rtentry2.o(.ARM.Collect$$rtentry$$00000002)
    __rt_entry_sh                            0x000004ab   Thumb Code     0  rtentry4.o(.ARM.Collect$$rtentry$$00000004)
    __rt_entry_li                            0x000004b1   Thumb Code     0  rtentry2.o(.ARM.Collect$$rtentry$$0000000A)
    __rt_entry_postsh_1                      0x000004b1   Thumb Code     0  rtentry2.o(.ARM.Collect$$rtentry$$00000009)
    __rt_entry_main                          0x000004b5   Thumb Code     0  rtentry2.o(.ARM.Collect$$rtentry$$0000000D)
    __rt_entry_postli_1                      0x000004b5   Thumb Code     0  rtentry2.o(.ARM.Collect$$rtentry$$0000000C)
    __rt_exit                                0x000004bd   Thumb Code     0  rtexit.o(.ARM.Collect$$rtexit$$00000000)
    __rt_exit_ls                             0x000004bf   Thumb Code     0  rtexit2.o(.ARM.Collect$$rtexit$$00000003)
    __rt_exit_prels_1                        0x000004bf   Thumb Code     0  rtexit2.o(.ARM.Collect$$rtexit$$00000002)
    __rt_exit_exit                           0x000004c3   Thumb Code     0  rtexit2.o(.ARM.Collect$$rtexit$$00000004)
    __asm___6_enet_c_32765e4a____REVSH       0x000004c9   Thumb Code     4  enet.o(.revsh_text)
    Reset_Handler                            0x000004cd   Thumb Code     8  startup_mk60d10.o(.text)
    HardFault_Handler                        0x000004d7   Thumb Code     2  startup_mk60d10.o(.text)
    MemManage_Handler                        0x000004d9   Thumb Code     2  startup_mk60d10.o(.text)
    BusFault_Handler                         0x000004db   Thumb Code     2  startup_mk60d10.o(.text)
    UsageFault_Handler                       0x000004dd   Thumb Code     2  startup_mk60d10.o(.text)
    SVC_Handler                              0x000004df   Thumb Code     2  startup_mk60d10.o(.text)
    DebugMon_Handler                         0x000004e1   Thumb Code     2  startup_mk60d10.o(.text)
    PendSV_Handler                           0x000004e3   Thumb Code     2  startup_mk60d10.o(.text)
    SysTick_Handler                          0x000004e5   Thumb Code     2  startup_mk60d10.o(.text)
    CAN0_Bus_Off_IRQHandler                  0x000004e7   Thumb Code     0  startup_mk60d10.o(.text)
    CAN0_Error_IRQHandler                    0x000004e7   Thumb Code     0  startup_mk60d10.o(.text)
    CAN0_Rx_Warning_IRQHandler               0x000004e7   Thumb Code     0  startup_mk60d10.o(.text)
    CAN0_Tx_Warning_IRQHandler               0x000004e7   Thumb Code     0  startup_mk60d10.o(.text)
    CAN0_Wake_Up_IRQHandler                  0x000004e7   Thumb Code     0  startup_mk60d10.o(.text)
    CAN1_Bus_Off_IRQHandler                  0x000004e7   Thumb Code     0  startup_mk60d10.o(.text)
    CAN1_Error_IRQHandler                    0x000004e7   Thumb Code     0  startup_mk60d10.o(.text)
    CAN1_Rx_Warning_IRQHandler               0x000004e7   Thumb Code     0  startup_mk60d10.o(.text)
    CAN1_Tx_Warning_IRQHandler               0x000004e7   Thumb Code     0  startup_mk60d10.o(.text)
    CAN1_Wake_Up_IRQHandler                  0x000004e7   Thumb Code     0  startup_mk60d10.o(.text)
    CMP0_IRQHandler                          0x000004e7   Thumb Code     0  startup_mk60d10.o(.text)
    CMP1_IRQHandler                          0x000004e7   Thumb Code     0  startup_mk60d10.o(.text)
    CMP2_IRQHandler                          0x000004e7   Thumb Code     0  startup_mk60d10.o(.text)
    CMT_IRQHandler                           0x000004e7   Thumb Code     0  startup_mk60d10.o(.text)
    DMA_Error_IRQHandler                     0x000004e7   Thumb Code     0  startup_mk60d10.o(.text)
    DefaultISR                               0x000004e7   Thumb Code     0  startup_mk60d10.o(.text)
    ENET_1588_Timer_IRQHandler               0x000004e7   Thumb Code     0  startup_mk60d10.o(.text)
    ENET_Error_IRQHandler                    0x000004e7   Thumb Code     0  startup_mk60d10.o(.text)
    FTFL_IRQHandler                          0x000004e7   Thumb Code     0  startup_mk60d10.o(.text)
    I2S0_Rx_IRQHandler                       0x000004e7   Thumb Code     0  startup_mk60d10.o(.text)
    I2S0_Tx_IRQHandler                       0x000004e7   Thumb Code     0  startup_mk60d10.o(.text)
    LLW_IRQHandler                           0x000004e7   Thumb Code     0  startup_mk60d10.o(.text)
    LVD_LVW_IRQHandler                       0x000004e7   Thumb Code     0  startup_mk60d10.o(.text)
    MCG_IRQHandler                           0x000004e7   Thumb Code     0  startup_mk60d10.o(.text)
    MCM_IRQHandler                           0x000004e7   Thumb Code     0  startup_mk60d10.o(.text)
    PDB0_IRQHandler                          0x000004e7   Thumb Code     0  startup_mk60d10.o(.text)
    RNG_IRQHandler                           0x000004e7   Thumb Code     0  startup_mk60d10.o(.text)
    RTC_Seconds_IRQHandler                   0x000004e7   Thumb Code     0  startup_mk60d10.o(.text)
    Read_Collision_IRQHandler                0x000004e7   Thumb Code     0  startup_mk60d10.o(.text)
    Reserved102_IRQHandler                   0x000004e7   Thumb Code     0  startup_mk60d10.o(.text)
    Reserved108_IRQHandler                   0x000004e7   Thumb Code     0  startup_mk60d10.o(.text)
    Reserved109_IRQHandler                   0x000004e7   Thumb Code     0  startup_mk60d10.o(.text)
    Reserved111_IRQHandler                   0x000004e7   Thumb Code     0  startup_mk60d10.o(.text)
    Reserved112_IRQHandler                   0x000004e7   Thumb Code     0  startup_mk60d10.o(.text)
    Reserved113_IRQHandler                   0x000004e7   Thumb Code     0  startup_mk60d10.o(.text)
    Reserved114_IRQHandler                   0x000004e7   Thumb Code     0  startup_mk60d10.o(.text)
    Reserved115_IRQHandler                   0x000004e7   Thumb Code     0  startup_mk60d10.o(.text)
    Reserved116_IRQHandler                   0x000004e7   Thumb Code     0  startup_mk60d10.o(.text)
    Reserved117_IRQHandler                   0x000004e7   Thumb Code     0  startup_mk60d10.o(.text)
    Reserved118_IRQHandler                   0x000004e7   Thumb Code     0  startup_mk60d10.o(.text)
    Reserved119_IRQHandler                   0x000004e7   Thumb Code     0  startup_mk60d10.o(.text)
    Reserved59_IRQHandler                    0x000004e7   Thumb Code     0  startup_mk60d10.o(.text)
    Reserved95_IRQHandler                    0x000004e7   Thumb Code     0  startup_mk60d10.o(.text)
    SDHC_IRQHandler                          0x000004e7   Thumb Code     0  startup_mk60d10.o(.text)
    SWI_IRQHandler                           0x000004e7   Thumb Code     0  startup_mk60d10.o(.text)
    UART0_ERR_IRQHandler                     0x000004e7   Thumb Code     0  startup_mk60d10.o(.text)
    UART0_LON_IRQHandler                     0x000004e7   Thumb Code     0  startup_mk60d10.o(.text)
    UART1_ERR_IRQHandler                     0x000004e7   Thumb Code     0  startup_mk60d10.o(.text)
    UART2_ERR_IRQHandler                     0x000004e7   Thumb Code     0  startup_mk60d10.o(.text)
    UART3_ERR_IRQHandler                     0x000004e7   Thumb Code     0  startup_mk60d10.o(.text)
    UART4_ERR_IRQHandler                     0x000004e7   Thumb Code     0  startup_mk60d10.o(.text)
    UART5_ERR_IRQHandler                     0x000004e7   Thumb Code     0  startup_mk60d10.o(.text)
    UART5_RX_TX_IRQHandler                   0x000004e7   Thumb Code     0  startup_mk60d10.o(.text)
    USB0_IRQHandler                          0x000004e7   Thumb Code     0  startup_mk60d10.o(.text)
    USBDCD_IRQHandler                        0x000004e7   Thumb Code     0  startup_mk60d10.o(.text)
    __user_initial_stackheap                 0x000004e9   Thumb Code     0  startup_mk60d10.o(.text)
    SystemInit                               0x0000050d   Thumb Code   186  system_mk60d10.o(.text)
    SystemCoreClockUpdate                    0x000005c7   Thumb Code   320  system_mk60d10.o(.text)
    main                                     0x00000729   Thumb Code    56  main.o(.text)
    PWM_Config                               0x00000765   Thumb Code    48  bsp.o(.text)
    ADC_Config                               0x00000795   Thumb Code    20  bsp.o(.text)
    UART_Config                              0x000007a9   Thumb Code    16  bsp.o(.text)
    Pulse_Counting_ISR                       0x000007b9   Thumb Code    16  bsp.o(.text)
    PIT_Config                               0x000007c9   Thumb Code    30  bsp.o(.text)
    LPT_Config                               0x000007e7   Thumb Code    10  bsp.o(.text)
    GPIO_Config                              0x000007f1   Thumb Code   124  bsp.o(.text)
    OLED_pin_Config                          0x0000086d   Thumb Code    44  bsp.o(.text)
    BSP_Init                                 0x00000899   Thumb Code    44  bsp.o(.text)
    Voltage_Show                             0x000008c5   Thumb Code    92  bsp.o(.text)
    Delay_stick                              0x00000921   Thumb Code    18  bsp.o(.text)
    CCD_TASK                                 0x00000933   Thumb Code    10  bsp.o(.text)
    DIR_TASK                                 0x0000093d   Thumb Code    52  bsp.o(.text)
    SCU_TASK                                 0x00000971   Thumb Code   122  bsp.o(.text)
    CCD_gather                               0x00000a31   Thumb Code   130  ccd.o(.text)
    CCD_Restet                               0x00000ab3   Thumb Code    90  ccd.o(.text)
    Data_sort                                0x00000b0d   Thumb Code    64  ccd.o(.text)
    MIN_2                                    0x00000b4d   Thumb Code    14  ccd.o(.text)
    MIN_5                                    0x00000b5b   Thumb Code    48  ccd.o(.text)
    MAX_2                                    0x00000b8b   Thumb Code    14  ccd.o(.text)
    MAX_5                                    0x00000b99   Thumb Code    48  ccd.o(.text)
    CCD_Filtering                            0x00000bc9   Thumb Code   192  ccd.o(.text)
    Data_binarization                        0x00000c89   Thumb Code    90  ccd.o(.text)
    averaging                                0x00000ce3   Thumb Code    58  ccd.o(.text)
    TrackMidline                             0x00000d1d   Thumb Code   172  ccd.o(.text)
    dip_state                                0x00000dd9   Thumb Code     6  dip_switch.o(.text)
    Speed_Set                                0x00000ddf   Thumb Code    30  dip_switch.o(.text)
    Install_angle_change                     0x00000dfd   Thumb Code    36  dip_switch.o(.text)
    LCD_WrDat                                0x00000e25   Thumb Code    94  oled.o(.text)
    LCD_WrCmd                                0x00000e83   Thumb Code    94  oled.o(.text)
    LCD_Set_Pos                              0x00000ee1   Thumb Code    40  oled.o(.text)
    LCD_Fill                                 0x00000f09   Thumb Code    58  oled.o(.text)
    LCD_CLS                                  0x00000f43   Thumb Code    56  oled.o(.text)
    LCD_DLY_ms                               0x00000f7b   Thumb Code    24  oled.o(.text)
    adjust                                   0x00000f93   Thumb Code    12  oled.o(.text)
    SetStartColumn                           0x00000f9f   Thumb Code    44  oled.o(.text)
    SetAddressingMode                        0x00000fcb   Thumb Code    18  oled.o(.text)
    SetColumnAddress                         0x00000fdd   Thumb Code    26  oled.o(.text)
    SetPageAddress                           0x00000ff7   Thumb Code    26  oled.o(.text)
    SetStartLine                             0x00001011   Thumb Code    14  oled.o(.text)
    SetContrastControl                       0x0000101f   Thumb Code    18  oled.o(.text)
    Set_Charge_Pump                          0x00001031   Thumb Code    20  oled.o(.text)
    Set_Segment_Remap                        0x00001045   Thumb Code    14  oled.o(.text)
    Set_Entire_Display                       0x00001053   Thumb Code    14  oled.o(.text)
    Set_Inverse_Display                      0x00001061   Thumb Code    14  oled.o(.text)
    Set_Multiplex_Ratio                      0x0000106f   Thumb Code    18  oled.o(.text)
    Set_Display_On_Off                       0x00001081   Thumb Code    14  oled.o(.text)
    SetStartPage                             0x0000108f   Thumb Code    14  oled.o(.text)
    Set_Common_Remap                         0x0000109d   Thumb Code    14  oled.o(.text)
    Set_Display_Offset                       0x000010ab   Thumb Code    18  oled.o(.text)
    Set_Display_Clock                        0x000010bd   Thumb Code    18  oled.o(.text)
    Set_Precharge_Period                     0x000010cf   Thumb Code    18  oled.o(.text)
    Set_Common_Config                        0x000010e1   Thumb Code    20  oled.o(.text)
    Set_VCOMH                                0x000010f5   Thumb Code    18  oled.o(.text)
    Set_NOP                                  0x00001107   Thumb Code    10  oled.o(.text)
    LCD_Init                                 0x00001111   Thumb Code   150  oled.o(.text)
    LCD_PutPixel                             0x000011a7   Thumb Code    72  oled.o(.text)
    LCD_Rectangle                            0x000011ef   Thumb Code   132  oled.o(.text)
    LCD_P6x8Str                              0x00001273   Thumb Code    96  oled.o(.text)
    LCD_P8x16Str                             0x000012d3   Thumb Code   130  oled.o(.text)
    LCD_P14x16Str                            0x00001355   Thumb Code   246  oled.o(.text)
    LCD_Print                                0x0000144b   Thumb Code   100  oled.o(.text)
    Draw_BMP                                 0x000014af   Thumb Code   112  oled.o(.text)
    PID_Init                                 0x00001531   Thumb Code   112  pid.o(.text)
    PID_Calc                                 0x000015a1   Thumb Code   684  pid.o(.text)
    Servo_Angle                              0x00001869   Thumb Code   130  servo_control.o(.text)
    Servo_pwm                                0x000018eb   Thumb Code   116  servo_control.o(.text)
    ADC_IsConversionCompleted                0x00001999   Thumb Code    26  adc.o(.text)
    ADC_ITDMAConfig                          0x000019b3   Thumb Code   172  adc.o(.text)
    ADC_Init                                 0x00001ba3   Thumb Code   556  adc.o(.text)
    ADC_QuickInit                            0x00001dcf   Thumb Code   134  adc.o(.text)
    ADC_StartConversion                      0x00001e55   Thumb Code    54  adc.o(.text)
    ADC_ChlMuxConfig                         0x00001e8b   Thumb Code    48  adc.o(.text)
    ADC_ReadValue                            0x00001ebb   Thumb Code    16  adc.o(.text)
    ADC_QuickReadValue                       0x00001ecb   Thumb Code    52  adc.o(.text)
    ADC_CallbackInstall                      0x00001eff   Thumb Code    10  adc.o(.text)
    ADC0_IRQHandler                          0x00001f09   Thumb Code    16  adc.o(.text)
    ADC1_IRQHandler                          0x00001f19   Thumb Code    16  adc.o(.text)
    CAN_SetReceiveMask                       0x00001f93   Thumb Code   122  can.o(.text)
    CAN_SetReceiveMB                         0x0000200d   Thumb Code   324  can.o(.text)
    CAN_Init                                 0x00002151   Thumb Code   368  can.o(.text)
    CAN_QuickInit                            0x000022c1   Thumb Code    76  can.o(.text)
    CAN_IsMessageBoxBusy                     0x0000230d   Thumb Code    80  can.o(.text)
    CAN_WriteData                            0x0000235d   Thumb Code   502  can.o(.text)
    CAN_CallbackInstall                      0x00002553   Thumb Code    10  can.o(.text)
    CAN_ITDMAConfig                          0x0000255d   Thumb Code   142  can.o(.text)
    CAN_ReadData                             0x000025eb   Thumb Code   216  can.o(.text)
    CAN0_ORed_Message_buffer_IRQHandler      0x000026c3   Thumb Code    36  can.o(.text)
    CAN1_ORed_Message_buffer_IRQHandler      0x000026e7   Thumb Code    36  can.o(.text)
    CLOCK_GetClockFrequency                  0x00002735   Thumb Code   122  common.o(.text)
    QuickInitEncode                          0x000027af   Thumb Code     6  common.o(.text)
    QuickInitDecode                          0x000027b5   Thumb Code    10  common.o(.text)
    DelayInit                                0x000027bf   Thumb Code     8  common.o(.text)
    DelayMs                                  0x000027c7   Thumb Code    12  common.o(.text)
    DelayUs                                  0x000027d3   Thumb Code    12  common.o(.text)
    NMI_Handler                              0x000027df   Thumb Code     2  common.o(.text)
    DAC_Init                                 0x000027e9   Thumb Code   566  dac.o(.text)
    DAC_GetBufferReadPointer                 0x00002a1f   Thumb Code    16  dac.o(.text)
    DAC_SetBufferReadPointer                 0x00002a2f   Thumb Code    54  dac.o(.text)
    DAC_SetBufferUpperLimit                  0x00002a65   Thumb Code    52  dac.o(.text)
    DAC_ITDMAConfig                          0x00002a99   Thumb Code   350  dac.o(.text)
    DAC_SoftwareStartConversion              0x00002bf7   Thumb Code    26  dac.o(.text)
    DAC_SetWaterMark                         0x00002c11   Thumb Code   146  dac.o(.text)
    DAC_SetBufferValue                       0x00002ca3   Thumb Code    50  dac.o(.text)
    DAC_CallbackInstall                      0x00002cd5   Thumb Code    10  dac.o(.text)
    DAC0_IRQHandler                          0x00002cdf   Thumb Code   102  dac.o(.text)
    DAC1_IRQHandler                          0x00002d45   Thumb Code   102  dac.o(.text)
    DMA_Init                                 0x00002dcd   Thumb Code   408  dma.o(.text)
    DMA_GetMajorLoopCount                    0x00002f65   Thumb Code    16  dma.o(.text)
    DMA_SetMajorLoopCounter                  0x00002f75   Thumb Code    44  dma.o(.text)
    DMA_EnableRequest                        0x00002fa1   Thumb Code    10  dma.o(.text)
    DMA_DisableRequest                       0x00002fab   Thumb Code    10  dma.o(.text)
    DMA_EnableAutoDisableRequest             0x00002fb5   Thumb Code    46  dma.o(.text)
    DMA_EnableMajorLink                      0x00002fe3   Thumb Code    94  dma.o(.text)
    DMA_ITConfig                             0x00003041   Thumb Code   152  dma.o(.text)
    DMA_CallbackInstall                      0x000030d9   Thumb Code    10  dma.o(.text)
    DMA_IsMajorLoopComplete                  0x000030e3   Thumb Code    56  dma.o(.text)
    DMA_SetDestAddress                       0x0000311b   Thumb Code    10  dma.o(.text)
    DMA_GetDestAddress                       0x00003125   Thumb Code    12  dma.o(.text)
    DMA_SetSourceAddress                     0x00003131   Thumb Code    10  dma.o(.text)
    DMA_GetSourceAddress                     0x0000313b   Thumb Code    12  dma.o(.text)
    DMA_CancelTransfer                       0x00003147   Thumb Code    14  dma.o(.text)
    DMA0_IRQHandler                          0x00003155   Thumb Code    22  dma.o(.text)
    DMA1_IRQHandler                          0x0000316b   Thumb Code    22  dma.o(.text)
    DMA2_IRQHandler                          0x00003181   Thumb Code    22  dma.o(.text)
    DMA3_IRQHandler                          0x00003197   Thumb Code    46  dma.o(.text)
    DMA4_IRQHandler                          0x000031c5   Thumb Code    22  dma.o(.text)
    DMA5_IRQHandler                          0x000031db   Thumb Code    22  dma.o(.text)
    DMA6_IRQHandler                          0x000031f1   Thumb Code    22  dma.o(.text)
    DMA7_IRQHandler                          0x00003207   Thumb Code    22  dma.o(.text)
    DMA8_IRQHandler                          0x0000321d   Thumb Code    22  dma.o(.text)
    DMA9_IRQHandler                          0x00003233   Thumb Code    22  dma.o(.text)
    DMA10_IRQHandler                         0x00003249   Thumb Code    22  dma.o(.text)
    DMA11_IRQHandler                         0x0000325f   Thumb Code    22  dma.o(.text)
    DMA12_IRQHandler                         0x00003275   Thumb Code    22  dma.o(.text)
    DMA13_IRQHandler                         0x0000328b   Thumb Code    22  dma.o(.text)
    DMA14_IRQHandler                         0x000032a1   Thumb Code    22  dma.o(.text)
    DMA15_IRQHandler                         0x000032b7   Thumb Code    22  dma.o(.text)
    ENET_Init                                0x0000356b   Thumb Code   614  enet.o(.text)
    ENET_MacSendData                         0x000037d1   Thumb Code    74  enet.o(.text)
    ENET_MacReceiveData                      0x0000381b   Thumb Code    78  enet.o(.text)
    ENET_ITDMAConfig                         0x00003869   Thumb Code    94  enet.o(.text)
    ENET_CallbackTxInstall                   0x000038c7   Thumb Code     8  enet.o(.text)
    ENET_CallbackRxInstall                   0x000038cf   Thumb Code     8  enet.o(.text)
    ENET_IsTransmitComplete                  0x000038d7   Thumb Code    30  enet.o(.text)
    ENET_Transmit_IRQHandler                 0x000038f5   Thumb Code    28  enet.o(.text)
    ENET_Receive_IRQHandler                  0x00003911   Thumb Code    28  enet.o(.text)
    FTM_PWM_InvertPolarity                   0x00003af7   Thumb Code   132  ftm.o(.text)
    FTM_QD_QuickInit                         0x00003fed   Thumb Code   380  ftm.o(.text)
    FTM_QD_GetData                           0x00004169   Thumb Code    30  ftm.o(.text)
    FTM_QD_ClearCount                        0x00004187   Thumb Code    12  ftm.o(.text)
    FTM_PWM_ChangeDuty                       0x00004193   Thumb Code   148  ftm.o(.text)
    FTM_PWM_QuickInit                        0x00004227   Thumb Code   324  ftm.o(.text)
    FTM_IC_QuickInit                         0x0000436b   Thumb Code    80  ftm.o(.text)
    FTM_IC_SetTriggerMode                    0x000043bb   Thumb Code   194  ftm.o(.text)
    FTM_GetChlCounter                        0x0000447d   Thumb Code    18  ftm.o(.text)
    FTM_SetMoudleCounter                     0x0000448f   Thumb Code    10  ftm.o(.text)
    FTM_CallbackInstall                      0x00004499   Thumb Code    10  ftm.o(.text)
    FTM_ITDMAConfig                          0x000044a3   Thumb Code   370  ftm.o(.text)
    FTM0_IRQHandler                          0x00004615   Thumb Code   102  ftm.o(.text)
    FTM1_IRQHandler                          0x0000467b   Thumb Code   102  ftm.o(.text)
    FTM2_IRQHandler                          0x000046e1   Thumb Code   102  ftm.o(.text)
    PORT_PinMuxConfig                        0x00004759   Thumb Code    74  gpio.o(.text)
    PORT_PinPullConfig                       0x000047a3   Thumb Code   162  gpio.o(.text)
    PORT_PinOpenDrainConfig                  0x00004845   Thumb Code    74  gpio.o(.text)
    PORT_PinPassiveFilterConfig              0x0000488f   Thumb Code    74  gpio.o(.text)
    GPIO_PinConfig                           0x000048d9   Thumb Code    70  gpio.o(.text)
    GPIO_Init                                0x0000491f   Thumb Code   228  gpio.o(.text)
    GPIO_QuickInit                           0x00004a03   Thumb Code    30  gpio.o(.text)
    GPIO_WriteBit                            0x00004a21   Thumb Code    52  gpio.o(.text)
    GPIO_ReadBit                             0x00004a55   Thumb Code    50  gpio.o(.text)
    GPIO_ToggleBit                           0x00004a87   Thumb Code    24  gpio.o(.text)
    GPIO_ReadPort                            0x00004a9f   Thumb Code    12  gpio.o(.text)
    GPIO_WritePort                           0x00004aab   Thumb Code    10  gpio.o(.text)
    GPIO_ITDMAConfig                         0x00004ab5   Thumb Code   372  gpio.o(.text)
    GPIO_CallbackInstall                     0x00004c29   Thumb Code    26  gpio.o(.text)
    PORTA_IRQHandler                         0x00004c43   Thumb Code    38  gpio.o(.text)
    PORTB_IRQHandler                         0x00004c69   Thumb Code    38  gpio.o(.text)
    PORTC_IRQHandler                         0x00004c8f   Thumb Code    38  gpio.o(.text)
    PORTD_IRQHandler                         0x00004cb5   Thumb Code    38  gpio.o(.text)
    PORTE_IRQHandler                         0x00004cdb   Thumb Code    38  gpio.o(.text)
    I2C_Init                                 0x00004dcd   Thumb Code    90  i2c.o(.text)
    I2C_QuickInit                            0x00004e27   Thumb Code   120  i2c.o(.text)
    I2C_GenerateSTART                        0x00004e9f   Thumb Code    42  i2c.o(.text)
    I2C_GenerateRESTART                      0x00004ec9   Thumb Code    22  i2c.o(.text)
    I2C_GenerateSTOP                         0x00004edf   Thumb Code    42  i2c.o(.text)
    I2C_SendData                             0x00004f09   Thumb Code    10  i2c.o(.text)
    I2C_ReadData                             0x00004f13   Thumb Code    12  i2c.o(.text)
    I2C_Send7bitAddress                      0x00004f1f   Thumb Code    28  i2c.o(.text)
    I2C_WaitAck                              0x00004f3b   Thumb Code   118  i2c.o(.text)
    I2C_SetMasterMode                        0x00004fb1   Thumb Code    48  i2c.o(.text)
    I2C_GenerateNAck                         0x00004fe1   Thumb Code    22  i2c.o(.text)
    I2C_GenerateAck                          0x00004ff7   Thumb Code    22  i2c.o(.text)
    I2C_ITDMAConfig                          0x0000500d   Thumb Code   164  i2c.o(.text)
    I2C_CallbackInstall                      0x000050b1   Thumb Code    10  i2c.o(.text)
    I2C_IsBusy                               0x000050bb   Thumb Code    24  i2c.o(.text)
    I2C_BurstRead                            0x000050d3   Thumb Code   352  i2c.o(.text)
    I2C_BurstWrite                           0x00005233   Thumb Code   224  i2c.o(.text)
    I2C_WriteSingleRegister                  0x00005313   Thumb Code    34  i2c.o(.text)
    I2C_ReadSingleRegister                   0x00005335   Thumb Code    32  i2c.o(.text)
    SCCB_ReadSingleRegister                  0x00005355   Thumb Code   256  i2c.o(.text)
    SCCB_WriteSingleRegister                 0x00005455   Thumb Code    24  i2c.o(.text)
    I2C0_IRQHandler                          0x0000546d   Thumb Code    32  i2c.o(.text)
    I2C1_IRQHandler                          0x0000548d   Thumb Code    32  i2c.o(.text)
    LPTMR_TC_Init                            0x000054b5   Thumb Code    72  lptmr.o(.text)
    LPTMR_PC_Init                            0x000054fd   Thumb Code   172  lptmr.o(.text)
    LPTMR_ITDMAConfig                        0x000055a9   Thumb Code   112  lptmr.o(.text)
    LPTMR_CallbackInstall                    0x00005619   Thumb Code    20  lptmr.o(.text)
    LPTMR_PC_ReadCounter                     0x0000562d   Thumb Code    18  lptmr.o(.text)
    LPTMR_PC_QuickInit                       0x0000563f   Thumb Code   110  lptmr.o(.text)
    LPTMR_ClearCounter                       0x000056ad   Thumb Code    24  lptmr.o(.text)
    LPTimer_IRQHandler                       0x000056c5   Thumb Code    28  lptmr.o(.text)
    PIT_Init                                 0x000056f5   Thumb Code   114  pit.o(.text)
    PIT_QuickInit                            0x00005767   Thumb Code    20  pit.o(.text)
    PIT_ITDMAConfig                          0x0000577b   Thumb Code   114  pit.o(.text)
    PIT_ResetCounter                         0x000057ed   Thumb Code    42  pit.o(.text)
    PIT_GetCounterValue                      0x00005817   Thumb Code    12  pit.o(.text)
    PIT_CallbackInstall                      0x00005823   Thumb Code    22  pit.o(.text)
    PIT0_IRQHandler                          0x00005839   Thumb Code    28  pit.o(.text)
    PIT1_IRQHandler                          0x00005855   Thumb Code    28  pit.o(.text)
    PIT2_IRQHandler                          0x00005871   Thumb Code    28  pit.o(.text)
    PIT3_IRQHandler                          0x0000588d   Thumb Code    28  pit.o(.text)
    RTC_Init                                 0x000058d9   Thumb Code   144  rtc.o(.text)
    RTC_QuickInit                            0x00005969   Thumb Code    14  rtc.o(.text)
    RTC_GetWeekFromYMD                       0x00005977   Thumb Code   108  rtc.o(.text)
    RTC_GetDateTime                          0x00005af1   Thumb Code    26  rtc.o(.text)
    RTC_IsTimeValid                          0x00005b0b   Thumb Code    14  rtc.o(.text)
    RTC_SetAlarm                             0x00005b19   Thumb Code    28  rtc.o(.text)
    RTC_SetCompensation                      0x00005b35   Thumb Code    54  rtc.o(.text)
    RTC_GetTSR                               0x00005b6b   Thumb Code     6  rtc.o(.text)
    RTC_GetTAR                               0x00005b71   Thumb Code     6  rtc.o(.text)
    RTC_SetDateTime                          0x00005b77   Thumb Code    46  rtc.o(.text)
    RTC_SetTSR                               0x00005ba5   Thumb Code    26  rtc.o(.text)
    RTC_ITDMAConfig                          0x00005bbf   Thumb Code    94  rtc.o(.text)
    RTC_CallbackInstall                      0x00005c1d   Thumb Code     8  rtc.o(.text)
    RTC_IRQHandler                           0x00005c25   Thumb Code    72  rtc.o(.text)
    SPI_FrameConfig                          0x00005d87   Thumb Code   436  spi.o(.text)
    SPI_Init                                 0x00005f3b   Thumb Code   226  spi.o(.text)
    SPI_QuickInit                            0x0000601d   Thumb Code    98  spi.o(.text)
    SPI_ITDMAConfig                          0x0000607f   Thumb Code   146  spi.o(.text)
    SPI_CallbackInstall                      0x00006111   Thumb Code    10  spi.o(.text)
    SPI_ReadWriteByte                        0x0000611b   Thumb Code   110  spi.o(.text)
    SPI0_IRQHandler                          0x00006189   Thumb Code    32  spi.o(.text)
    SPI1_IRQHandler                          0x000061a9   Thumb Code    32  spi.o(.text)
    SPI2_IRQHandler                          0x000061c9   Thumb Code    32  spi.o(.text)
    SYSTICK_Init                             0x000061f9   Thumb Code    70  systick.o(.text)
    SYSTICK_ITConfig                         0x0000623f   Thumb Code    40  systick.o(.text)
    SYSTICK_Cmd                              0x00006267   Thumb Code    40  systick.o(.text)
    SYSTICK_DelayInit                        0x0000628f   Thumb Code    24  systick.o(.text)
    SYSTICK_DelayUs                          0x000062a7   Thumb Code    50  systick.o(.text)
    SYSTICK_DelayMs                          0x000062d9   Thumb Code    64  systick.o(.text)
    TSI_GetCounter                           0x00006325   Thumb Code    12  tsi.o(.text)
    TSI_Init                                 0x00006385   Thumb Code   234  tsi.o(.text)
    TSI_QuickInit                            0x0000646f   Thumb Code   102  tsi.o(.text)
    TSI_ITDMAConfig                          0x000064d5   Thumb Code    96  tsi.o(.text)
    TSI_CallbackInstall                      0x00006535   Thumb Code     8  tsi.o(.text)
    TSI0_IRQHandler                          0x0000653d   Thumb Code    38  tsi.o(.text)
    UART_WriteByte                           0x00006591   Thumb Code    76  uart.o(.text)
    fputc                                    0x000065dd   Thumb Code    20  uart.o(.text)
    UART_ReadByte                            0x000065f1   Thumb Code    56  uart.o(.text)
    fgetc                                    0x00006629   Thumb Code    28  uart.o(.text)
    UART_Init                                0x00006645   Thumb Code   638  uart.o(.text)
    UART_ITDMAConfig                         0x000068c3   Thumb Code   350  uart.o(.text)
    UART_CallbackTxInstall                   0x00006a21   Thumb Code    36  uart.o(.text)
    UART_CallbackRxInstall                   0x00006a45   Thumb Code    36  uart.o(.text)
    UART_QuickInit                           0x00006a69   Thumb Code    88  uart.o(.text)
    UART0_RX_TX_IRQHandler                   0x00006ac1   Thumb Code   100  uart.o(.text)
    UART1_RX_TX_IRQHandler                   0x00006b25   Thumb Code   100  uart.o(.text)
    UART2_RX_TX_IRQHandler                   0x00006b89   Thumb Code   100  uart.o(.text)
    UART3_RX_TX_IRQHandler                   0x00006bed   Thumb Code   100  uart.o(.text)
    UART4_RX_TX_IRQHandler                   0x00006c51   Thumb Code   100  uart.o(.text)
    WDOG_Init                                0x00006cf1   Thumb Code   112  wdog.o(.text)
    WDOG_QuickInit                           0x00006d61   Thumb Code    24  wdog.o(.text)
    WDOG_ITDMAConfig                         0x00006d79   Thumb Code    86  wdog.o(.text)
    WDOG_CallbackInstall                     0x00006dcf   Thumb Code     8  wdog.o(.text)
    WDOG_GetResetCounter                     0x00006dd7   Thumb Code     6  wdog.o(.text)
    WDOG_ClearResetCounter                   0x00006ddd   Thumb Code    10  wdog.o(.text)
    WDOG_GetCurrentCounter                   0x00006de7   Thumb Code    14  wdog.o(.text)
    WDOG_Refresh                             0x00006df5   Thumb Code    32  wdog.o(.text)
    Watchdog_IRQHandler                      0x00006e15   Thumb Code    28  wdog.o(.text)
    __2printf                                0x00006e3d   Thumb Code    20  noretval__2printf.o(.text)
    __printf                                 0x00006e55   Thumb Code   106  __printf.o(.text)
    __aeabi_memcpy                           0x00006ebf   Thumb Code     0  rt_memcpy_v6.o(.text)
    __rt_memcpy                              0x00006ebf   Thumb Code   138  rt_memcpy_v6.o(.text)
    _memcpy_lastbytes                        0x00006f25   Thumb Code     0  rt_memcpy_v6.o(.text)
    __use_two_region_memory                  0x00006f49   Thumb Code     2  heapauxi.o(.text)
    __rt_heap_escrow$2region                 0x00006f4b   Thumb Code     2  heapauxi.o(.text)
    __rt_heap_expand$2region                 0x00006f4d   Thumb Code     2  heapauxi.o(.text)
    __read_errno                             0x00006f4f   Thumb Code    10  _rserrno.o(.text)
    __set_errno                              0x00006f59   Thumb Code    12  _rserrno.o(.text)
    __lib_sel_fp_printf                      0x00006f65   Thumb Code     2  _printf_fp_dec.o(.text)
    _printf_fp_dec_real                      0x00007113   Thumb Code   626  _printf_fp_dec.o(.text)
    _printf_char_file                        0x00007385   Thumb Code    32  _printf_char_file.o(.text)
    __aeabi_memcpy4                          0x000073a9   Thumb Code     0  rt_memcpy_w.o(.text)
    __aeabi_memcpy8                          0x000073a9   Thumb Code     0  rt_memcpy_w.o(.text)
    __rt_memcpy_w                            0x000073a9   Thumb Code   100  rt_memcpy_w.o(.text)
    _memcpy_lastbytes_aligned                0x000073f1   Thumb Code     0  rt_memcpy_w.o(.text)
    __rt_locale                              0x0000740d   Thumb Code     8  rt_locale_intlibspace.o(.text)
    __aeabi_errno_addr                       0x00007415   Thumb Code     8  rt_errno_addr_intlibspace.o(.text)
    __errno$intlibspace                      0x00007415   Thumb Code     0  rt_errno_addr_intlibspace.o(.text)
    __rt_errno_addr$intlibspace              0x00007415   Thumb Code     0  rt_errno_addr_intlibspace.o(.text)
    _ll_udiv10                               0x0000741d   Thumb Code   138  lludiv10.o(.text)
    _printf_char_common                      0x000074b3   Thumb Code    32  _printf_char_common.o(.text)
    _printf_fp_infnan                        0x000074d9   Thumb Code   112  _printf_fp_infnan.o(.text)
    _btod_etento                             0x00007559   Thumb Code   222  bigflt0.o(.text)
    ferror                                   0x0000763d   Thumb Code     8  ferror.o(.text)
    __user_libspace                          0x00007645   Thumb Code     8  libspace.o(.text)
    __user_perproc_libspace                  0x00007645   Thumb Code     0  libspace.o(.text)
    __user_perthread_libspace                0x00007645   Thumb Code     0  libspace.o(.text)
    __user_setup_stackheap                   0x0000764d   Thumb Code    74  sys_stackheap_outer.o(.text)
    exit                                     0x00007697   Thumb Code    12  exit.o(.text)
    strcmp                                   0x000076a5   Thumb Code   128  strcmpv7m.o(.text)
    __rt_fp_status_addr                      0x00007725   Thumb Code     8  rt_fp_status_addr_intlibspace.o(.text)
    _sys_exit                                0x0000772d   Thumb Code     8  sys_exit.o(.text)
    __I$use$semihosting                      0x00007739   Thumb Code     0  use_no_semi.o(.text)
    __use_no_semihosting_swi                 0x00007739   Thumb Code     2  use_no_semi.o(.text)
    __semihosting_library_function           0x0000773b   Thumb Code     0  indicate_semi.o(.text)
    _btod_d2e                                0x0000773b   Thumb Code    62  btod.o(CL$$btod_d2e)
    _d2e_denorm_low                          0x00007779   Thumb Code    70  btod.o(CL$$btod_d2e_denorm_low)
    _d2e_norm_op1                            0x000077bf   Thumb Code    96  btod.o(CL$$btod_d2e_norm_op1)
    __btod_div_common                        0x0000781f   Thumb Code   696  btod.o(CL$$btod_div_common)
    _e2e                                     0x00007b57   Thumb Code   198  btod.o(CL$$btod_e2e)
    _btod_ediv                               0x00007c1d   Thumb Code    40  btod.o(CL$$btod_ediv)
    _btod_emul                               0x00007c45   Thumb Code    40  btod.o(CL$$btod_emul)
    __btod_mult_common                       0x00007c6d   Thumb Code   580  btod.o(CL$$btod_mult_common)
    __ARM_fpclassify                         0x00007eb1   Thumb Code    40  fpclassify.o(i.__ARM_fpclassify)
    __ieee754_rem_pio2                       0x00007ed9   Thumb Code   828  rred.o(i.__ieee754_rem_pio2)
    __kernel_poly                            0x0000825d   Thumb Code   170  poly.o(i.__kernel_poly)
    __kernel_tan                             0x00008309   Thumb Code   586  tan_i.o(i.__kernel_tan)
    __mathlib_dbl_underflow                  0x00008585   Thumb Code    10  dunder.o(i.__mathlib_dbl_underflow)
    atan                                     0x00008595   Thumb Code   478  atan.o(i.atan)
    tan                                      0x000087b9   Thumb Code   106  tan.o(i.tan)
    _get_lc_numeric                          0x0000882d   Thumb Code    44  lc_numeric_c.o(locale$$code)
    __aeabi_d2f                              0x00008859   Thumb Code     0  d2f.o(x$fpl$d2f)
    _d2f                                     0x00008859   Thumb Code    98  d2f.o(x$fpl$d2f)
    __aeabi_dadd                             0x000088bd   Thumb Code     0  daddsub_clz.o(x$fpl$dadd)
    _dadd                                    0x000088bd   Thumb Code   332  daddsub_clz.o(x$fpl$dadd)
    __fpl_dcheck_NaN1                        0x00008a0d   Thumb Code    10  dcheck1.o(x$fpl$dcheck1)
    __fpl_dcmp_Inf                           0x00008a1d   Thumb Code    24  dcmpi.o(x$fpl$dcmpinf)
    __aeabi_ddiv                             0x00008a35   Thumb Code     0  ddiv.o(x$fpl$ddiv)
    _ddiv                                    0x00008a35   Thumb Code   552  ddiv.o(x$fpl$ddiv)
    __aeabi_cdcmpeq                          0x00008ce5   Thumb Code     0  deqf.o(x$fpl$deqf)
    _dcmpeq                                  0x00008ce5   Thumb Code   120  deqf.o(x$fpl$deqf)
    __aeabi_d2iz                             0x00008d5d   Thumb Code     0  dfix.o(x$fpl$dfix)
    _dfix                                    0x00008d5d   Thumb Code    94  dfix.o(x$fpl$dfix)
    __aeabi_i2d                              0x00008dbb   Thumb Code     0  dflt_clz.o(x$fpl$dflt)
    _dflt                                    0x00008dbb   Thumb Code    46  dflt_clz.o(x$fpl$dflt)
    __aeabi_ui2d                             0x00008de9   Thumb Code     0  dflt_clz.o(x$fpl$dfltu)
    _dfltu                                   0x00008de9   Thumb Code    38  dflt_clz.o(x$fpl$dfltu)
    __aeabi_cdcmple                          0x00008e11   Thumb Code     0  dleqf.o(x$fpl$dleqf)
    _dcmple                                  0x00008e11   Thumb Code   120  dleqf.o(x$fpl$dleqf)
    __fpl_dcmple_InfNaN                      0x00008e73   Thumb Code     0  dleqf.o(x$fpl$dleqf)
    __aeabi_dmul                             0x00008e89   Thumb Code     0  dmul.o(x$fpl$dmul)
    _dmul                                    0x00008e89   Thumb Code   332  dmul.o(x$fpl$dmul)
    __fpl_dnaninf                            0x00008fdd   Thumb Code   156  dnaninf.o(x$fpl$dnaninf)
    __fpl_dretinf                            0x00009079   Thumb Code    12  dretinf.o(x$fpl$dretinf)
    __aeabi_cdrcmple                         0x00009085   Thumb Code     0  drleqf.o(x$fpl$drleqf)
    _drcmple                                 0x00009085   Thumb Code   108  drleqf.o(x$fpl$drleqf)
    __aeabi_drsub                            0x000090f1   Thumb Code     0  daddsub_clz.o(x$fpl$drsb)
    _drsb                                    0x000090f1   Thumb Code    22  daddsub_clz.o(x$fpl$drsb)
    __aeabi_dsub                             0x00009109   Thumb Code     0  daddsub_clz.o(x$fpl$dsub)
    _dsub                                    0x00009109   Thumb Code   464  daddsub_clz.o(x$fpl$dsub)
    __aeabi_f2d                              0x000092dd   Thumb Code     0  f2d.o(x$fpl$f2d)
    _f2d                                     0x000092dd   Thumb Code    86  f2d.o(x$fpl$f2d)
    __aeabi_f2uiz                            0x00009335   Thumb Code     0  ffixu.o(x$fpl$ffixu)
    _ffixu                                   0x00009335   Thumb Code    62  ffixu.o(x$fpl$ffixu)
    __fpl_fnaninf                            0x00009373   Thumb Code   140  fnaninf.o(x$fpl$fnaninf)
    _fp_init                                 0x000093ff   Thumb Code    14  fpinit.o(x$fpl$fpinit)
    __fplib_config_pureend_doubles           0x0000940b   Thumb Code     0  fpinit.o(x$fpl$fpinit)
    __fpl_fretinf                            0x0000940d   Thumb Code    10  fretinf.o(x$fpl$fretinf)
    _printf_fp_dec                           0x00009417   Thumb Code     4  printf1.o(x$fpl$printf1)
    __fpl_return_NaN                         0x0000941b   Thumb Code   100  retnan.o(x$fpl$retnan)
    __ARM_scalbn                             0x0000947f   Thumb Code    92  scalbn.o(x$fpl$scalbn)
    __fpl_cmpreturn                          0x000094db   Thumb Code    48  trapv.o(x$fpl$trapveneer)
    F6x8                                     0x0000950a   Data         552  oled.o(.constdata)
    __I$use$fp                               0x0000950b   Thumb Code     0  usenofp.o(x$fpl$usenofp)
    F14x16_Idx                               0x00009732   Data          26  oled.o(.constdata)
    F14x16                                   0x0000974c   Data         700  oled.o(.constdata)
    F8X16                                    0x00009a08   Data        1520  oled.o(.constdata)
    ADC_InstanceTable                        0x00009ff8   Data           8  adc.o(.constdata)
    CAN_InstanceTable                        0x0000a014   Data           8  can.o(.constdata)
    FTM_InstanceTable                        0x0000a04c   Data          12  ftm.o(.constdata)
    SPI_InstanceTable                        0x0000a1d8   Data          12  spi.o(.constdata)
    UART_InstanceTable                       0x0000a250   Data          24  uart.o(.constdata)
    Region$$Table$$Base                      0x0000a4f4   Number         0  anon$$obj.o(Region$$Table)
    Region$$Table$$Limit                     0x0000a514   Number         0  anon$$obj.o(Region$$Table)
    SystemCoreClock                          0x1fff0000   Data           4  system_mk60d10.o(.data)
    number                                   0x1fff0004   Data           4  bsp.o(.data)
    PWM_Duty                                 0x1fff0008   Data           4  bsp.o(.data)
    Lost_flag                                0x1fff000c   Data           1  ccd.o(.data)
    iError_1                                 0x1fff0014   Data           1  pid.o(.data)
    __stdout                                 0x1fff00d8   Data           4  uart.o(.data)
    __stdin                                  0x1fff00dc   Data           4  uart.o(.data)
    CCD_original_data                        0x1fff00e4   Data         132  ccd.o(.bss)
    CCD_filtering_data                       0x1fff0168   Data         128  ccd.o(.bss)
    __libspace_start                         0x1fff0944   Data          96  libspace.o(.bss)
    __temporary_stack_top$libspace           0x1fff09a4   Data           0  libspace.o(.bss)



==============================================================================

Memory Map of the image

  Image Entry point : 0x000004cd

  Load Region LR_1 (Base: 0x00000000, Size: 0x0000a614, Max: 0xffffffff, ABSOLUTE)

    Execution Region ER_RO (Base: 0x00000000, Size: 0x0000a530, Max: 0xffffffff, ABSOLUTE)

    Base Addr    Size         Type   Attr      Idx    E Section Name        Object

    0x00000000   0x00000400   Data   RO            3    RESET               startup_mk60d10.o
    0x00000400   0x00000010   Code   RO            4    .ARM.__at_0x400     startup_mk60d10.o
    0x00000410   0x00000008   Code   RO          891  * !!!main             c_w.l(__main.o)
    0x00000418   0x00000034   Code   RO         1203    !!!scatter          c_w.l(__scatter.o)
    0x0000044c   0x0000001a   Code   RO         1205    !!handler_copy      c_w.l(__scatter_copy.o)
    0x00000466   0x00000002   PAD
    0x00000468   0x0000001c   Code   RO         1207    !!handler_zi        c_w.l(__scatter_zi.o)
    0x00000484   0x00000000   Code   RO          886    .ARM.Collect$$_printf_percent$$00000000  c_w.l(_printf_percent.o)
    0x00000484   0x00000006   Code   RO          885    .ARM.Collect$$_printf_percent$$00000003  c_w.l(_printf_f.o)
    0x0000048a   0x00000004   Code   RO          956    .ARM.Collect$$_printf_percent$$00000017  c_w.l(_printf_percent_end.o)
    0x0000048e   0x00000006   Code   RO         1072    .ARM.Collect$$libinit$$00000000  c_w.l(libinit.o)
    0x00000494   0x00000000   Code   RO         1075    .ARM.Collect$$libinit$$00000006  c_w.l(libinit2.o)
    0x00000494   0x00000000   Code   RO         1077    .ARM.Collect$$libinit$$00000008  c_w.l(libinit2.o)
    0x00000494   0x00000000   Code   RO         1079    .ARM.Collect$$libinit$$0000000A  c_w.l(libinit2.o)
    0x00000494   0x00000006   Code   RO         1080    .ARM.Collect$$libinit$$0000000B  c_w.l(libinit2.o)
    0x0000049a   0x00000000   Code   RO         1082    .ARM.Collect$$libinit$$0000000D  c_w.l(libinit2.o)
    0x0000049a   0x00000000   Code   RO         1084    .ARM.Collect$$libinit$$0000000F  c_w.l(libinit2.o)
    0x0000049a   0x00000000   Code   RO         1086    .ARM.Collect$$libinit$$00000011  c_w.l(libinit2.o)
    0x0000049a   0x0000000a   Code   RO         1087    .ARM.Collect$$libinit$$00000012  c_w.l(libinit2.o)
    0x000004a4   0x00000000   Code   RO         1088    .ARM.Collect$$libinit$$00000013  c_w.l(libinit2.o)
    0x000004a4   0x00000000   Code   RO         1090    .ARM.Collect$$libinit$$00000015  c_w.l(libinit2.o)
    0x000004a4   0x00000000   Code   RO         1092    .ARM.Collect$$libinit$$00000017  c_w.l(libinit2.o)
    0x000004a4   0x00000000   Code   RO         1094    .ARM.Collect$$libinit$$00000019  c_w.l(libinit2.o)
    0x000004a4   0x00000000   Code   RO         1096    .ARM.Collect$$libinit$$0000001B  c_w.l(libinit2.o)
    0x000004a4   0x00000000   Code   RO         1098    .ARM.Collect$$libinit$$0000001D  c_w.l(libinit2.o)
    0x000004a4   0x00000000   Code   RO         1100    .ARM.Collect$$libinit$$0000001F  c_w.l(libinit2.o)
    0x000004a4   0x00000000   Code   RO         1102    .ARM.Collect$$libinit$$00000021  c_w.l(libinit2.o)
    0x000004a4   0x00000000   Code   RO         1106    .ARM.Collect$$libinit$$00000028  c_w.l(libinit2.o)
    0x000004a4   0x00000000   Code   RO         1108    .ARM.Collect$$libinit$$0000002A  c_w.l(libinit2.o)
    0x000004a4   0x00000000   Code   RO         1110    .ARM.Collect$$libinit$$0000002C  c_w.l(libinit2.o)
    0x000004a4   0x00000000   Code   RO         1112    .ARM.Collect$$libinit$$0000002E  c_w.l(libinit2.o)
    0x000004a4   0x00000002   Code   RO         1113    .ARM.Collect$$libinit$$0000002F  c_w.l(libinit2.o)
    0x000004a6   0x00000002   Code   RO         1152    .ARM.Collect$$libshutdown$$00000000  c_w.l(libshutdown.o)
    0x000004a8   0x00000000   Code   RO         1164    .ARM.Collect$$libshutdown$$00000003  c_w.l(libshutdown2.o)
    0x000004a8   0x00000000   Code   RO         1167    .ARM.Collect$$libshutdown$$00000006  c_w.l(libshutdown2.o)
    0x000004a8   0x00000000   Code   RO         1170    .ARM.Collect$$libshutdown$$00000009  c_w.l(libshutdown2.o)
    0x000004a8   0x00000000   Code   RO         1172    .ARM.Collect$$libshutdown$$0000000B  c_w.l(libshutdown2.o)
    0x000004a8   0x00000000   Code   RO         1175    .ARM.Collect$$libshutdown$$0000000E  c_w.l(libshutdown2.o)
    0x000004a8   0x00000002   Code   RO         1176    .ARM.Collect$$libshutdown$$0000000F  c_w.l(libshutdown2.o)
    0x000004aa   0x00000000   Code   RO          949    .ARM.Collect$$rtentry$$00000000  c_w.l(rtentry.o)
    0x000004aa   0x00000000   Code   RO          990    .ARM.Collect$$rtentry$$00000002  c_w.l(rtentry2.o)
    0x000004aa   0x00000006   Code   RO         1002    .ARM.Collect$$rtentry$$00000004  c_w.l(rtentry4.o)
    0x000004b0   0x00000000   Code   RO          992    .ARM.Collect$$rtentry$$00000009  c_w.l(rtentry2.o)
    0x000004b0   0x00000004   Code   RO          993    .ARM.Collect$$rtentry$$0000000A  c_w.l(rtentry2.o)
    0x000004b4   0x00000000   Code   RO          995    .ARM.Collect$$rtentry$$0000000C  c_w.l(rtentry2.o)
    0x000004b4   0x00000008   Code   RO          996    .ARM.Collect$$rtentry$$0000000D  c_w.l(rtentry2.o)
    0x000004bc   0x00000002   Code   RO         1116    .ARM.Collect$$rtexit$$00000000  c_w.l(rtexit.o)
    0x000004be   0x00000000   Code   RO         1125    .ARM.Collect$$rtexit$$00000002  c_w.l(rtexit2.o)
    0x000004be   0x00000004   Code   RO         1126    .ARM.Collect$$rtexit$$00000003  c_w.l(rtexit2.o)
    0x000004c2   0x00000006   Code   RO         1127    .ARM.Collect$$rtexit$$00000004  c_w.l(rtexit2.o)
    0x000004c8   0x00000004   Code   RO          484    .revsh_text         enet.o
    0x000004cc   0x00000040   Code   RO            5  * .text               startup_mk60d10.o
    0x0000050c   0x0000021c   Code   RO           15    .text               system_mk60d10.o
    0x00000728   0x0000003c   Code   RO           61    .text               main.o
    0x00000764   0x000002cc   Code   RO          147    .text               bsp.o
    0x00000a30   0x000003a8   Code   RO          176    .text               ccd.o
    0x00000dd8   0x0000004c   Code   RO          209    .text               dip_switch.o
    0x00000e24   0x0000070c   Code   RO          232    .text               oled.o
    0x00001530   0x00000338   Code   RO          258    .text               pid.o
    0x00001868   0x00000130   Code   RO          298    .text               servo_control.o
    0x00001998   0x00000598   Code   RO          321    .text               adc.o
    0x00001f30   0x00000804   Code   RO          349    .text               can.o
    0x00002734   0x000000b4   Code   RO          380    .text               common.o
    0x000027e8   0x000005e4   Code   RO          433    .text               dac.o
    0x00002dcc   0x00000520   Code   RO          459    .text               dma.o
    0x000032ec   0x00000678   Code   RO          485    .text               enet.o
    0x00003964   0x00000df4   Code   RO          534    .text               ftm.o
    0x00004758   0x000005d4   Code   RO          558    .text               gpio.o
    0x00004d2c   0x00000788   Code   RO          581    .text               i2c.o
    0x000054b4   0x00000240   Code   RO          607    .text               lptmr.o
    0x000056f4   0x000001e4   Code   RO          630    .text               pit.o
    0x000058d8   0x000003cc   Code   RO          654    .text               rtc.o
    0x00005ca4   0x00000554   Code   RO          705    .text               spi.o
    0x000061f8   0x0000012c   Code   RO          732    .text               systick.o
    0x00006324   0x0000026c   Code   RO          754    .text               tsi.o
    0x00006590   0x00000750   Code   RO          779    .text               uart.o
    0x00006ce0   0x0000015c   Code   RO          834    .text               wdog.o
    0x00006e3c   0x00000018   Code   RO          861    .text               c_w.l(noretval__2printf.o)
    0x00006e54   0x0000006a   Code   RO          863    .text               c_w.l(__printf.o)
    0x00006ebe   0x0000008a   Code   RO          887    .text               c_w.l(rt_memcpy_v6.o)
    0x00006f48   0x00000006   Code   RO          889    .text               c_w.l(heapauxi.o)
    0x00006f4e   0x00000016   Code   RO          950    .text               c_w.l(_rserrno.o)
    0x00006f64   0x00000420   Code   RO          952    .text               c_w.l(_printf_fp_dec.o)
    0x00007384   0x00000024   Code   RO          954    .text               c_w.l(_printf_char_file.o)
    0x000073a8   0x00000064   Code   RO          957    .text               c_w.l(rt_memcpy_w.o)
    0x0000740c   0x00000008   Code   RO         1007    .text               c_w.l(rt_locale_intlibspace.o)
    0x00007414   0x00000008   Code   RO         1012    .text               c_w.l(rt_errno_addr_intlibspace.o)
    0x0000741c   0x0000008a   Code   RO         1014    .text               c_w.l(lludiv10.o)
    0x000074a6   0x00000002   PAD
    0x000074a8   0x00000030   Code   RO         1016    .text               c_w.l(_printf_char_common.o)
    0x000074d8   0x00000080   Code   RO         1018    .text               c_w.l(_printf_fp_infnan.o)
    0x00007558   0x000000e4   Code   RO         1020    .text               c_w.l(bigflt0.o)
    0x0000763c   0x00000008   Code   RO         1045    .text               c_w.l(ferror.o)
    0x00007644   0x00000008   Code   RO         1056    .text               c_w.l(libspace.o)
    0x0000764c   0x0000004a   Code   RO         1059    .text               c_w.l(sys_stackheap_outer.o)
    0x00007696   0x0000000c   Code   RO         1063    .text               c_w.l(exit.o)
    0x000076a2   0x00000002   PAD
    0x000076a4   0x00000080   Code   RO         1065    .text               c_w.l(strcmpv7m.o)
    0x00007724   0x00000008   Code   RO         1134    .text               c_w.l(rt_fp_status_addr_intlibspace.o)
    0x0000772c   0x0000000c   Code   RO         1142    .text               c_w.l(sys_exit.o)
    0x00007738   0x00000002   Code   RO         1153    .text               c_w.l(use_no_semi.o)
    0x0000773a   0x00000000   Code   RO         1155    .text               c_w.l(indicate_semi.o)
    0x0000773a   0x0000003e   Code   RO         1023    CL$$btod_d2e        c_w.l(btod.o)
    0x00007778   0x00000046   Code   RO         1025    CL$$btod_d2e_denorm_low  c_w.l(btod.o)
    0x000077be   0x00000060   Code   RO         1024    CL$$btod_d2e_norm_op1  c_w.l(btod.o)
    0x0000781e   0x00000338   Code   RO         1033    CL$$btod_div_common  c_w.l(btod.o)
    0x00007b56   0x000000c6   Code   RO         1030    CL$$btod_e2e        c_w.l(btod.o)
    0x00007c1c   0x00000028   Code   RO         1027    CL$$btod_ediv       c_w.l(btod.o)
    0x00007c44   0x00000028   Code   RO         1026    CL$$btod_emul       c_w.l(btod.o)
    0x00007c6c   0x00000244   Code   RO         1032    CL$$btod_mult_common  c_w.l(btod.o)
    0x00007eb0   0x00000028   Code   RO          974    i.__ARM_fpclassify  m_ws.l(fpclassify.o)
    0x00007ed8   0x00000384   Code   RO          978    i.__ieee754_rem_pio2  m_ws.l(rred.o)
    0x0000825c   0x000000aa   Code   RO          976    i.__kernel_poly     m_ws.l(poly.o)
    0x00008306   0x00000002   PAD
    0x00008308   0x0000027c   Code   RO          983    i.__kernel_tan      m_ws.l(tan_i.o)
    0x00008584   0x00000010   Code   RO          972    i.__mathlib_dbl_underflow  m_ws.l(dunder.o)
    0x00008594   0x00000224   Code   RO          932    i.atan              m_ws.l(atan.o)
    0x000087b8   0x00000074   Code   RO          942    i.tan               m_ws.l(tan.o)
    0x0000882c   0x0000002c   Code   RO         1050    locale$$code        c_w.l(lc_numeric_c.o)
    0x00008858   0x00000062   Code   RO          893    x$fpl$d2f           fz_ws.l(d2f.o)
    0x000088ba   0x00000002   PAD
    0x000088bc   0x00000150   Code   RO          895    x$fpl$dadd          fz_ws.l(daddsub_clz.o)
    0x00008a0c   0x00000010   Code   RO         1052    x$fpl$dcheck1       fz_ws.l(dcheck1.o)
    0x00008a1c   0x00000018   Code   RO          959    x$fpl$dcmpinf       fz_ws.l(dcmpi.o)
    0x00008a34   0x000002b0   Code   RO          902    x$fpl$ddiv          fz_ws.l(ddiv.o)
    0x00008ce4   0x00000078   Code   RO          905    x$fpl$deqf          fz_ws.l(deqf.o)
    0x00008d5c   0x0000005e   Code   RO          907    x$fpl$dfix          fz_ws.l(dfix.o)
    0x00008dba   0x0000002e   Code   RO          912    x$fpl$dflt          fz_ws.l(dflt_clz.o)
    0x00008de8   0x00000026   Code   RO          911    x$fpl$dfltu         fz_ws.l(dflt_clz.o)
    0x00008e0e   0x00000002   PAD
    0x00008e10   0x00000078   Code   RO          917    x$fpl$dleqf         fz_ws.l(dleqf.o)
    0x00008e88   0x00000154   Code   RO          919    x$fpl$dmul          fz_ws.l(dmul.o)
    0x00008fdc   0x0000009c   Code   RO          961    x$fpl$dnaninf       fz_ws.l(dnaninf.o)
    0x00009078   0x0000000c   Code   RO          963    x$fpl$dretinf       fz_ws.l(dretinf.o)
    0x00009084   0x0000006c   Code   RO          921    x$fpl$drleqf        fz_ws.l(drleqf.o)
    0x000090f0   0x00000016   Code   RO          896    x$fpl$drsb          fz_ws.l(daddsub_clz.o)
    0x00009106   0x00000002   PAD
    0x00009108   0x000001d4   Code   RO          897    x$fpl$dsub          fz_ws.l(daddsub_clz.o)
    0x000092dc   0x00000056   Code   RO          923    x$fpl$f2d           fz_ws.l(f2d.o)
    0x00009332   0x00000002   PAD
    0x00009334   0x0000003e   Code   RO          925    x$fpl$ffixu         fz_ws.l(ffixu.o)
    0x00009372   0x0000008c   Code   RO          965    x$fpl$fnaninf       fz_ws.l(fnaninf.o)
    0x000093fe   0x0000000e   Code   RO         1120    x$fpl$fpinit        fz_ws.l(fpinit.o)
    0x0000940c   0x0000000a   Code   RO          967    x$fpl$fretinf       fz_ws.l(fretinf.o)
    0x00009416   0x00000004   Code   RO          929    x$fpl$printf1       fz_ws.l(printf1.o)
    0x0000941a   0x00000064   Code   RO         1114    x$fpl$retnan        fz_ws.l(retnan.o)
    0x0000947e   0x0000005c   Code   RO          969    x$fpl$scalbn        fz_ws.l(scalbn.o)
    0x000094da   0x00000030   Code   RO         1122    x$fpl$trapveneer    fz_ws.l(trapv.o)
    0x0000950a   0x00000000   Code   RO          971    x$fpl$usenofp       fz_ws.l(usenofp.o)
    0x0000950a   0x00000aee   Data   RO          233    .constdata          oled.o
    0x00009ff8   0x0000001a   Data   RO          322    .constdata          adc.o
    0x0000a012   0x00000002   PAD
    0x0000a014   0x0000001a   Data   RO          350    .constdata          can.o
    0x0000a02e   0x00000002   PAD
    0x0000a030   0x0000000a   Data   RO          434    .constdata          dac.o
    0x0000a03a   0x00000010   Data   RO          461    .constdata          dma.o
    0x0000a04a   0x00000002   PAD
    0x0000a04c   0x00000033   Data   RO          536    .constdata          ftm.o
    0x0000a07f   0x00000001   PAD
    0x0000a080   0x00000041   Data   RO          560    .constdata          gpio.o
    0x0000a0c1   0x00000003   PAD
    0x0000a0c4   0x000000da   Data   RO          582    .constdata          i2c.o
    0x0000a19e   0x00000001   Data   RO          608    .constdata          lptmr.o
    0x0000a19f   0x00000004   Data   RO          632    .constdata          pit.o
    0x0000a1a3   0x00000001   PAD
    0x0000a1a4   0x00000034   Data   RO          655    .constdata          rtc.o
    0x0000a1d8   0x00000078   Data   RO          707    .constdata          spi.o
    0x0000a250   0x0000004e   Data   RO          781    .constdata          uart.o
    0x0000a29e   0x00000002   PAD
    0x0000a2a0   0x00000098   Data   RO          933    .constdata          m_ws.l(atan.o)
    0x0000a338   0x000000c8   Data   RO          980    .constdata          m_ws.l(rred.o)
    0x0000a400   0x00000060   Data   RO          984    .constdata          m_ws.l(tan_i.o)
    0x0000a460   0x00000094   Data   RO         1021    .constdata          c_w.l(bigflt0.o)
    0x0000a4f4   0x00000020   Data   RO         1201    Region$$Table       anon$$obj.o
    0x0000a514   0x0000001c   Data   RO         1049    locale$$data        c_w.l(lc_numeric_c.o)


    Execution Region ER_RW (Base: 0x1fff0000, Size: 0x000000e4, Max: 0xffffffff, ABSOLUTE)

    Base Addr    Size         Type   Attr      Idx    E Section Name        Object

    0x1fff0000   0x00000004   Data   RW           16    .data               system_mk60d10.o
    0x1fff0004   0x00000008   Data   RW          148    .data               bsp.o
    0x1fff000c   0x00000001   Data   RW          178    .data               ccd.o
    0x1fff000d   0x00000003   PAD
    0x1fff0010   0x00000005   Data   RW          260    .data               pid.o
    0x1fff0015   0x00000003   PAD
    0x1fff0018   0x00000008   Data   RW          323    .data               adc.o
    0x1fff0020   0x00000008   Data   RW          351    .data               can.o
    0x1fff0028   0x00000008   Data   RW          435    .data               dac.o
    0x1fff0030   0x00000010   Data   RW          487    .data               enet.o
    0x1fff0040   0x00000008   Data   RW          583    .data               i2c.o
    0x1fff0048   0x00000004   Data   RW          609    .data               lptmr.o
    0x1fff004c   0x00000008   Data   RW          633    .data               pit.o
    0x1fff0054   0x00000034   Data   RW          656    .data               rtc.o
    0x1fff0088   0x00000008   Data   RW          733    .data               systick.o
    0x1fff0090   0x00000044   Data   RW          755    .data               tsi.o
    0x1fff00d4   0x0000000c   Data   RW          782    .data               uart.o
    0x1fff00e0   0x00000004   Data   RW          835    .data               wdog.o


    Execution Region ER_ZI (Base: 0x1fff00e4, Size: 0x00001cc4, Max: 0xffffffff, ABSOLUTE)

    Base Addr    Size         Type   Attr      Idx    E Section Name        Object

    0x1fff00e4   0x00000104   Zero   RW          177    .bss                ccd.o
    0x1fff01e8   0x00000050   Zero   RW          259    .bss                pid.o
    0x1fff0238   0x00000040   Zero   RW          460    .bss                dma.o
    0x1fff0278   0x00000660   Zero   RW          486    .bss                enet.o
    0x1fff08d8   0x0000000c   Zero   RW          535    .bss                ftm.o
    0x1fff08e4   0x00000014   Zero   RW          559    .bss                gpio.o
    0x1fff08f8   0x00000010   Zero   RW          631    .bss                pit.o
    0x1fff0908   0x0000000c   Zero   RW          706    .bss                spi.o
    0x1fff0914   0x00000030   Zero   RW          780    .bss                uart.o
    0x1fff0944   0x00000060   Zero   RW         1057    .bss                c_w.l(libspace.o)
    0x1fff09a4   0x00000004   PAD
    0x1fff09a8   0x00000400   Zero   RW            2    HEAP                startup_mk60d10.o
    0x1fff0da8   0x00001000   Zero   RW            1    STACK               startup_mk60d10.o


==============================================================================

Image component sizes


      Code (inc. data)   RO Data    RW Data    ZI Data      Debug   Object Name

      1432         34         26          8          0      26360   adc.o
       716         70          0          8          0       2656   bsp.o
      2052         72         26          8          0      28552   can.o
       936         16          0          1        260       4278   ccd.o
       180          8          0          0          0       2612   common.o
      1508         34         10          8          0       4777   dac.o
        76          4          0          0          0        891   dip_switch.o
      1312         32         16          0         64       9085   dma.o
      1660        102          0         16       1632       9265   enet.o
      3572         68         51          0         12       7042   ftm.o
      1492         60         65          0         20       5653   gpio.o
      1928         36        218          8          0       9597   i2c.o
       576         20          1          4          0       2648   lptmr.o
        60          4          0          0          0      10571   main.o
      1804         18       2798          0          0       9027   oled.o
       824         28          0          5         80       2175   pid.o
       484         48          4          8         16       2818   pit.o
       972         32         52         52          0       5397   rtc.o
       304         58          0          0          0        932   servo_control.o
      1364         48        120          0         12       5999   spi.o
        80         42       1024          0       5120       1052   startup_mk60d10.o
       540         42          0          4          0     240425   system_mk60d10.o
       300         12          0          8          0       1662   systick.o
       620         22          0         68          0       4708   tsi.o
      1872         48         78         12         48       7575   uart.o
       348         12          0          4          0       3229   wdog.o

    ----------------------------------------------------------------------
     27012        970       4534        228       7264     408986   Object Totals
         0          0         32          0          0          0   (incl. Generated)
         0          0         13          6          0          0   (incl. Padding)

    ----------------------------------------------------------------------

      Code (inc. data)   RO Data    RW Data    ZI Data      Debug   Library Member Name

         8          0          0          0          0         68   __main.o
       106          0          0          0          0         84   __printf.o
        52          8          0          0          0          0   __scatter.o
        26          0          0          0          0          0   __scatter_copy.o
        28          0          0          0          0          0   __scatter_zi.o
        48          6          0          0          0         96   _printf_char_common.o
        36          4          0          0          0         80   _printf_char_file.o
         6          0          0          0          0          0   _printf_f.o
      1056          0          0          0          0        216   _printf_fp_dec.o
       128         16          0          0          0         84   _printf_fp_infnan.o
         0          0          0          0          0          0   _printf_percent.o
         4          0          0          0          0          0   _printf_percent_end.o
        22          0          0          0          0        100   _rserrno.o
       228          6        148          0          0         96   bigflt0.o
      1910        128          0          0          0        672   btod.o
        12          0          0          0          0         72   exit.o
         8          0          0          0          0         68   ferror.o
         6          0          0          0          0        152   heapauxi.o
         0          0          0          0          0          0   indicate_semi.o
        44         10         28          0          0         76   lc_numeric_c.o
         6          0          0          0          0          0   libinit.o
        18          0          0          0          0          0   libinit2.o
         2          0          0          0          0          0   libshutdown.o
         2          0          0          0          0          0   libshutdown2.o
         8          4          0          0         96         68   libspace.o
       138          0          0          0          0         80   lludiv10.o
        24          4          0          0          0         84   noretval__2printf.o
         8          4          0          0          0         68   rt_errno_addr_intlibspace.o
         8          4          0          0          0         68   rt_fp_status_addr_intlibspace.o
         8          4          0          0          0         68   rt_locale_intlibspace.o
       138          0          0          0          0         68   rt_memcpy_v6.o
       100          0          0          0          0         80   rt_memcpy_w.o
         0          0          0          0          0          0   rtentry.o
        12          0          0          0          0          0   rtentry2.o
         6          0          0          0          0          0   rtentry4.o
         2          0          0          0          0          0   rtexit.o
        10          0          0          0          0          0   rtexit2.o
       128          0          0          0          0         68   strcmpv7m.o
        12          4          0          0          0         68   sys_exit.o
        74          0          0          0          0         80   sys_stackheap_outer.o
         2          0          0          0          0         68   use_no_semi.o
        98          4          0          0          0         92   d2f.o
       826         16          0          0          0        356   daddsub_clz.o
        16          4          0          0          0         68   dcheck1.o
        24          0          0          0          0         68   dcmpi.o
       688        140          0          0          0        212   ddiv.o
       120          4          0          0          0         92   deqf.o
        94          4          0          0          0         92   dfix.o
        84          0          0          0          0        136   dflt_clz.o
       120          4          0          0          0         92   dleqf.o
       340         12          0          0          0        104   dmul.o
       156          4          0          0          0         92   dnaninf.o
        12          0          0          0          0         68   dretinf.o
       108          0          0          0          0         80   drleqf.o
        86          4          0          0          0         84   f2d.o
        62          4          0          0          0         84   ffixu.o
       140          4          0          0          0         84   fnaninf.o
        14          0          0          0          0         76   fpinit.o
        10          0          0          0          0         68   fretinf.o
         4          0          0          0          0         68   printf1.o
       100          0          0          0          0         68   retnan.o
        92          0          0          0          0         68   scalbn.o
        48          0          0          0          0         68   trapv.o
         0          0          0          0          0          0   usenofp.o
       548         70        152          0          0        128   atan.o
        16          6          0          0          0         68   dunder.o
        40          0          0          0          0         68   fpclassify.o
       170          0          0          0          0         96   poly.o
       900         72        200          0          0        140   rred.o
       116         10          0          0          0        108   tan.o
       636         50         96          0          0        176   tan_i.o

    ----------------------------------------------------------------------
     10118        614        624          0        100       5736   Library Totals
        16          0          0          0          4          0   (incl. Padding)

    ----------------------------------------------------------------------

      Code (inc. data)   RO Data    RW Data    ZI Data      Debug   Library Name

      4434        202        176          0         96       2732   c_w.l
      3242        204          0          0          0       2220   fz_ws.l
      2426        208        448          0          0        784   m_ws.l

    ----------------------------------------------------------------------
     10118        614        624          0        100       5736   Library Totals

    ----------------------------------------------------------------------

==============================================================================


      Code (inc. data)   RO Data    RW Data    ZI Data      Debug   

     37130       1584       5158        228       7364     408638   Grand Totals
     37130       1584       5158        228       7364     408638   ELF Image Totals
     37130       1584       5158        228          0          0   ROM Totals

==============================================================================

    Total RO  Size (Code + RO Data)                42288 (  41.30kB)
    Total RW  Size (RW Data + ZI Data)              7592 (   7.41kB)
    Total ROM Size (Code + RO Data + RW Data)      42516 (  41.52kB)

==============================================================================

